Component: ARM Compiler 5.06 update 6 (build 750) Tool: armlink [4d35ed]

==============================================================================

Section Cross References

    startup_stm32h750xx.o(STACK) refers (Special) to heapauxi.o(.text) for __use_two_region_memory
    startup_stm32h750xx.o(HEAP) refers (Special) to heapauxi.o(.text) for __use_two_region_memory
    startup_stm32h750xx.o(RESET) refers (Special) to heapauxi.o(.text) for __use_two_region_memory
    startup_stm32h750xx.o(RESET) refers to startup_stm32h750xx.o(STACK) for __initial_sp
    startup_stm32h750xx.o(RESET) refers to startup_stm32h750xx.o(.text) for Reset_Handler
    startup_stm32h750xx.o(RESET) refers to stm32h7xx_it.o(i.NMI_Handler) for NMI_Handler
    startup_stm32h750xx.o(RESET) refers to stm32h7xx_it.o(i.HardFault_Handler) for HardFault_Handler
    startup_stm32h750xx.o(RESET) refers to stm32h7xx_it.o(i.MemManage_Handler) for MemManage_Handler
    startup_stm32h750xx.o(RESET) refers to stm32h7xx_it.o(i.BusFault_Handler) for BusFault_Handler
    startup_stm32h750xx.o(RESET) refers to stm32h7xx_it.o(i.UsageFault_Handler) for UsageFault_Handler
    startup_stm32h750xx.o(RESET) refers to port.o(.emb_text) for SVC_Handler
    startup_stm32h750xx.o(RESET) refers to stm32h7xx_it.o(i.DebugMon_Handler) for DebugMon_Handler
    startup_stm32h750xx.o(RESET) refers to cmsis_os2.o(i.SysTick_Handler) for SysTick_Handler
    startup_stm32h750xx.o(RESET) refers to stm32h7xx_it.o(i.DMA1_Stream0_IRQHandler) for DMA1_Stream0_IRQHandler
    startup_stm32h750xx.o(RESET) refers to stm32h7xx_it.o(i.DMA1_Stream1_IRQHandler) for DMA1_Stream1_IRQHandler
    startup_stm32h750xx.o(RESET) refers to stm32h7xx_it.o(i.DMA1_Stream2_IRQHandler) for DMA1_Stream2_IRQHandler
    startup_stm32h750xx.o(RESET) refers to stm32h7xx_it.o(i.DMA1_Stream3_IRQHandler) for DMA1_Stream3_IRQHandler
    startup_stm32h750xx.o(RESET) refers to stm32h7xx_it.o(i.DMA1_Stream4_IRQHandler) for DMA1_Stream4_IRQHandler
    startup_stm32h750xx.o(RESET) refers to stm32h7xx_it.o(i.DMA1_Stream5_IRQHandler) for DMA1_Stream5_IRQHandler
    startup_stm32h750xx.o(RESET) refers to stm32h7xx_it.o(i.DMA1_Stream6_IRQHandler) for DMA1_Stream6_IRQHandler
    startup_stm32h750xx.o(RESET) refers to stm32h7xx_it.o(i.FDCAN1_IT0_IRQHandler) for FDCAN1_IT0_IRQHandler
    startup_stm32h750xx.o(RESET) refers to stm32h7xx_it.o(i.TIM3_IRQHandler) for TIM3_IRQHandler
    startup_stm32h750xx.o(RESET) refers to stm32h7xx_it.o(i.SPI1_IRQHandler) for SPI1_IRQHandler
    startup_stm32h750xx.o(RESET) refers to stm32h7xx_it.o(i.SPI2_IRQHandler) for SPI2_IRQHandler
    startup_stm32h750xx.o(RESET) refers to stm32h7xx_it.o(i.USART2_IRQHandler) for USART2_IRQHandler
    startup_stm32h750xx.o(RESET) refers to stm32h7xx_it.o(i.USART3_IRQHandler) for USART3_IRQHandler
    startup_stm32h750xx.o(RESET) refers to stm32h7xx_it.o(i.TIM8_BRK_TIM12_IRQHandler) for TIM8_BRK_TIM12_IRQHandler
    startup_stm32h750xx.o(RESET) refers to stm32h7xx_it.o(i.UART4_IRQHandler) for UART4_IRQHandler
    startup_stm32h750xx.o(RESET) refers to stm32h7xx_it.o(i.TIM7_IRQHandler) for TIM7_IRQHandler
    startup_stm32h750xx.o(RESET) refers to stm32h7xx_it.o(i.DCMI_IRQHandler) for DCMI_IRQHandler
    startup_stm32h750xx.o(RESET) refers to stm32h7xx_it.o(i.TIM16_IRQHandler) for TIM16_IRQHandler
    startup_stm32h750xx.o(RESET) refers to stm32h7xx_it.o(i.BDMA_Channel0_IRQHandler) for BDMA_Channel0_IRQHandler
    startup_stm32h750xx.o(.text) refers (Special) to heapauxi.o(.text) for __use_two_region_memory
    startup_stm32h750xx.o(.text) refers to system_stm32h7xx.o(i.ExitRun0Mode) for ExitRun0Mode
    startup_stm32h750xx.o(.text) refers to system_stm32h7xx.o(i.SystemInit) for SystemInit
    startup_stm32h750xx.o(.text) refers to __main.o(!!!main) for __main
    startup_stm32h750xx.o(.text) refers to startup_stm32h750xx.o(HEAP) for Heap_Mem
    startup_stm32h750xx.o(.text) refers to startup_stm32h750xx.o(STACK) for Stack_Mem
    bmp280.o(i.bmp280_calibrate_sea_level_pressure) refers to stm32h7xx_hal_i2c.o(i.HAL_I2C_Master_Transmit) for HAL_I2C_Master_Transmit
    bmp280.o(i.bmp280_calibrate_sea_level_pressure) refers to stm32h7xx_hal.o(i.HAL_Delay) for HAL_Delay
    bmp280.o(i.bmp280_calibrate_sea_level_pressure) refers to stm32h7xx_hal_i2c.o(i.HAL_I2C_Mem_Read) for HAL_I2C_Mem_Read
    bmp280.o(i.bmp280_calibrate_sea_level_pressure) refers to bmp280.o(i.compensate_temp) for compensate_temp
    bmp280.o(i.bmp280_calibrate_sea_level_pressure) refers to bmp280.o(i.compensate_press) for compensate_press
    bmp280.o(i.bmp280_calibrate_sea_level_pressure) refers to ffltll_clz.o(x$fpl$ffltll) for __aeabi_l2f
    bmp280.o(i.bmp280_calibrate_sea_level_pressure) refers to powf.o(i.__hardfp_powf) for __hardfp_powf
    bmp280.o(i.bmp280_calibrate_sea_level_pressure) refers to bmp280.o(.data) for .data
    bmp280.o(i.bmp280_init) refers to stm32h7xx_hal_i2c.o(i.HAL_I2C_Master_Transmit) for HAL_I2C_Master_Transmit
[...]
    HAL_SPI_IRQHandler                       0x0800607d   Thumb Code   544  stm32h7xx_hal_spi.o(i.HAL_SPI_IRQHandler)
    HAL_SPI_Init                             0x080062a1   Thumb Code   366  stm32h7xx_hal_spi.o(i.HAL_SPI_Init)
    HAL_SPI_MspInit                          0x0800641d   Thumb Code   524  spi.o(i.HAL_SPI_MspInit)
    HAL_SPI_RxCpltCallback                   0x08006651   Thumb Code     2  stm32h7xx_hal_spi.o(i.HAL_SPI_RxCpltCallback)
    HAL_SPI_SuspendCallback                  0x08006653   Thumb Code     2  stm32h7xx_hal_spi.o(i.HAL_SPI_SuspendCallback)
    HAL_SPI_TxCpltCallback                   0x08006655   Thumb Code     2  stm32h7xx_hal_spi.o(i.HAL_SPI_TxCpltCallback)
    HAL_SPI_TxRxCpltCallback                 0x08006657   Thumb Code     2  stm32h7xx_hal_spi.o(i.HAL_SPI_TxRxCpltCallback)
    HAL_TIMEx_Break2Callback                 0x08006659   Thumb Code     2  stm32h7xx_hal_tim_ex.o(i.HAL_TIMEx_Break2Callback)
    HAL_TIMEx_BreakCallback                  0x0800665b   Thumb Code     2  stm32h7xx_hal_tim_ex.o(i.HAL_TIMEx_BreakCallback)
    HAL_TIMEx_CommutCallback                 0x0800665d   Thumb Code     2  stm32h7xx_hal_tim_ex.o(i.HAL_TIMEx_CommutCallback)
    HAL_TIMEx_ConfigBreakDeadTime            0x08006661   Thumb Code   150  stm32h7xx_hal_tim_ex.o(i.HAL_TIMEx_ConfigBreakDeadTime)
    HAL_TIMEx_MasterConfigSynchronization    0x08006701   Thumb Code   134  stm32h7xx_hal_tim_ex.o(i.HAL_TIMEx_MasterConfigSynchronization)
    HAL_TIM_Base_Init                        0x080067a5   Thumb Code    98  stm32h7xx_hal_tim.o(i.HAL_TIM_Base_Init)
    HAL_TIM_Base_MspInit                     0x08006809   Thumb Code   170  tim.o(i.HAL_TIM_Base_MspInit)
    HAL_TIM_Base_Start_IT                    0x080068c9   Thumb Code   106  stm32h7xx_hal_tim.o(i.HAL_TIM_Base_Start_IT)
    HAL_TIM_ConfigClockSource                0x08006955   Thumb Code   248  stm32h7xx_hal_tim.o(i.HAL_TIM_ConfigClockSource)
    HAL_TIM_IC_CaptureCallback               0x08006a51   Thumb Code     2  stm32h7xx_hal_tim.o(i.HAL_TIM_IC_CaptureCallback)
    HAL_TIM_IRQHandler                       0x08006a53   Thumb Code   328  stm32h7xx_hal_tim.o(i.HAL_TIM_IRQHandler)
    HAL_TIM_MspPostInit                      0x08006b9d   Thumb Code   110  tim.o(i.HAL_TIM_MspPostInit)
    HAL_TIM_OC_DelayElapsedCallback          0x08006c1d   Thumb Code     2  stm32h7xx_hal_tim.o(i.HAL_TIM_OC_DelayElapsedCallback)
    HAL_TIM_PWM_ConfigChannel                0x08006c1f   Thumb Code   292  stm32h7xx_hal_tim.o(i.HAL_TIM_PWM_ConfigChannel)
    HAL_TIM_PWM_Init                         0x08006d43   Thumb Code    98  stm32h7xx_hal_tim.o(i.HAL_TIM_PWM_Init)
    HAL_TIM_PWM_MspInit                      0x08006da5   Thumb Code    30  tim.o(i.HAL_TIM_PWM_MspInit)
    HAL_TIM_PWM_PulseFinishedCallback        0x08006dcd   Thumb Code     2  stm32h7xx_hal_tim.o(i.HAL_TIM_PWM_PulseFinishedCallback)
    HAL_TIM_PWM_Start                        0x08006dd1   Thumb Code   232  stm32h7xx_hal_tim.o(i.HAL_TIM_PWM_Start)
    HAL_TIM_PeriodElapsedCallback            0x08006ee1   Thumb Code    14  main.o(i.HAL_TIM_PeriodElapsedCallback)
    HAL_TIM_TriggerCallback                  0x08006ef5   Thumb Code     2  stm32h7xx_hal_tim.o(i.HAL_TIM_TriggerCallback)
    HAL_UARTEx_DisableFifoMode               0x08006ef7   Thumb Code    64  stm32h7xx_hal_uart_ex.o(i.HAL_UARTEx_DisableFifoMode)
    HAL_UARTEx_ReceiveToIdle_DMA             0x08006f37   Thumb Code    74  stm32h7xx_hal_uart_ex.o(i.HAL_UARTEx_ReceiveToIdle_DMA)
    HAL_UARTEx_RxEventCallback               0x08006f81   Thumb Code   226  main.o(i.HAL_UARTEx_RxEventCallback)
    HAL_UARTEx_RxFifoFullCallback            0x0800707d   Thumb Code     2  stm32h7xx_hal_uart_ex.o(i.HAL_UARTEx_RxFifoFullCallback)
    HAL_UARTEx_SetRxFifoThreshold            0x0800707f   Thumb Code    76  stm32h7xx_hal_uart_ex.o(i.HAL_UARTEx_SetRxFifoThreshold)
    HAL_UARTEx_SetTxFifoThreshold            0x080070cb   Thumb Code    76  stm32h7xx_hal_uart_ex.o(i.HAL_UARTEx_SetTxFifoThreshold)
    HAL_UARTEx_TxFifoEmptyCallback           0x08007117   Thumb Code     2  stm32h7xx_hal_uart_ex.o(i.HAL_UARTEx_TxFifoEmptyCallback)
    HAL_UARTEx_WakeupCallback                0x08007119   Thumb Code     2  stm32h7xx_hal_uart_ex.o(i.HAL_UARTEx_WakeupCallback)
    HAL_UART_ErrorCallback                   0x0800711b   Thumb Code     2  stm32h7xx_hal_uart.o(i.HAL_UART_ErrorCallback)
    HAL_UART_IRQHandler                      0x0800711d   Thumb Code   898  stm32h7xx_hal_uart.o(i.HAL_UART_IRQHandler)
    HAL_UART_Init                            0x080074b9   Thumb Code   106  stm32h7xx_hal_uart.o(i.HAL_UART_Init)
    HAL_UART_MspInit                         0x08007525   Thumb Code   590  usart.o(i.HAL_UART_MspInit)
    HAL_UART_Receive_DMA                     0x0800779d   Thumb Code    66  stm32h7xx_hal_uart.o(i.HAL_UART_Receive_DMA)
    HAL_UART_RxCpltCallback                  0x080077e5   Thumb Code     2  stm32h7xx_hal_uart.o(i.HAL_UART_RxCpltCallback)
    HAL_UART_RxHalfCpltCallback              0x080077e7   Thumb Code     2  stm32h7xx_hal_uart.o(i.HAL_UART_RxHalfCpltCallback)
    HAL_UART_Transmit                        0x080077e9   Thumb Code   176  stm32h7xx_hal_uart.o(i.HAL_UART_Transmit)
    HAL_UART_TxCpltCallback                  0x08007899   Thumb Code     2  stm32h7xx_hal_uart.o(i.HAL_UART_TxCpltCallback)
    HardFault_Handler                        0x0800789b   Thumb Code     2  stm32h7xx_it.o(i.HardFault_Handler)
    ICM20948_Calibrate_mag                   0x08007bf9   Thumb Code   542  icm20948_mag.o(i.ICM20948_Calibrate_mag)
    ICM20948_Init_mag                        0x08007e41   Thumb Code   506  icm20948_mag.o(i.ICM20948_Init_mag)
    ICM20948_Process_mag                     0x08008045   Thumb Code  1236  icm20948_mag.o(i.ICM20948_Process_mag)
    MX_BDMA_Init                             0x080086f5   Thumb Code    40  bdma.o(i.MX_BDMA_Init)
    MX_DCMI_Init                             0x08008721   Thumb Code    52  dcmi.o(i.MX_DCMI_Init)
    MX_DMA_Init                              0x0800875d   Thumb Code   136  dma.o(i.MX_DMA_Init)
    MX_FDCAN1_Init                           0x080087e9   Thumb Code    98  fdcan.o(i.MX_FDCAN1_Init)
    MX_GPIO_Init                             0x08008855   Thumb Code   284  gpio.o(i.MX_GPIO_Init)
    MX_I2C1_Init                             0x08008985   Thumb Code    76  i2c.o(i.MX_I2C1_Init)
    MX_I2C4_Init                             0x080089dd   Thumb Code    76  i2c.o(i.MX_I2C4_Init)
    MX_SPI1_Init                             0x08008a35   Thumb Code    82  spi.o(i.MX_SPI1_Init)
    MX_SPI2_Init                             0x08008a91   Thumb Code    82  spi.o(i.MX_SPI2_Init)
    MX_SPI4_Init                             0x08008aed   Thumb Code    88  spi.o(i.MX_SPI4_Init)
    MX_TIM12_Init                            0x08008b4d   Thumb Code    96  tim.o(i.MX_TIM12_Init)
    MX_TIM1_Init                             0x08008bb5   Thumb Code   166  tim.o(i.MX_TIM1_Init)
    MX_TIM2_Init                             0x08008c65   Thumb Code   198  tim.o(i.MX_TIM2_Init)
    MX_TIM3_Init                             0x08008d31   Thumb Code    96  tim.o(i.MX_TIM3_Init)
    MX_TIM6_Init                             0x08008d99   Thumb Code    64  tim.o(i.MX_TIM6_Init)
    MX_UART4_Init                            0x08008de1   Thumb Code   108  usart.o(i.MX_UART4_Init)
    MX_USART2_UART_Init                      0x08008e59   Thumb Code    94  usart.o(i.MX_USART2_UART_Init)
    MX_USART3_UART_Init                      0x08008ec1   Thumb Code    94  usart.o(i.MX_USART3_UART_Init)
    MemManage_Handler                        0x08008f29   Thumb Code     2  stm32h7xx_it.o(i.MemManage_Handler)
    NMI_Handler                              0x08008f2b   Thumb Code     2  stm32h7xx_it.o(i.NMI_Handler)
    Position_Task                            0x08008fd1   Thumb Code   648  main.o(i.Position_Task)
    SPI1_IRQHandler                          0x080094d5   Thumb Code     6  stm32h7xx_it.o(i.SPI1_IRQHandler)
    SPI2_IRQHandler                          0x080094e1   Thumb Code     6  stm32h7xx_it.o(i.SPI2_IRQHandler)
    SendPose                                 0x080095f9   Thumb Code   212  main.o(i.SendPose)
    StartFlightControlTask                   0x080096d9   Thumb Code   708  main.o(i.StartFlightControlTask)
    StartPoseTask                            0x080099f5   Thumb Code   630  main.o(i.StartPoseTask)
    StartPoseTask_init                       0x08009ca9   Thumb Code    28  main.o(i.StartPoseTask_init)
    StartPositionTask_init                   0x08009ccd   Thumb Code    28  main.o(i.StartPositionTask_init)
    StartUKFPredictTask                      0x08009cf1   Thumb Code   214  main.o(i.StartUKFPredictTask)
    SysTick_Handler                          0x08009ddd   Thumb Code    26  cmsis_os2.o(i.SysTick_Handler)
    SystemClock_Config                       0x08009df9   Thumb Code   162  main.o(i.SystemClock_Config)
    SystemInit                               0x08009ea5   Thumb Code   206  system_stm32h7xx.o(i.SystemInit)
    TIM16_IRQHandler                         0x08009f9d   Thumb Code     6  stm32h7xx_it.o(i.TIM16_IRQHandler)
    TIM3_IRQHandler                          0x08009fa9   Thumb Code     6  stm32h7xx_it.o(i.TIM3_IRQHandler)
    TIM7_IRQHandler                          0x08009fb5   Thumb Code     6  stm32h7xx_it.o(i.TIM7_IRQHandler)
    TIM8_BRK_TIM12_IRQHandler                0x08009fc1   Thumb Code     6  stm32h7xx_it.o(i.TIM8_BRK_TIM12_IRQHandler)
    TIM_Base_SetConfig                       0x08009fcd   Thumb Code   170  stm32h7xx_hal_tim.o(i.TIM_Base_SetConfig)
    TIM_CCxChannelCmd                        0x0800a099   Thumb Code    26  stm32h7xx_hal_tim.o(i.TIM_CCxChannelCmd)
    TIM_ETR_SetConfig                        0x0800a0b3   Thumb Code    18  stm32h7xx_hal_tim.o(i.TIM_ETR_SetConfig)
    TIM_OC2_SetConfig                        0x0800a17d   Thumb Code   126  stm32h7xx_hal_tim.o(i.TIM_OC2_SetConfig)
    UART4_IRQHandler                         0x0800a455   Thumb Code     6  stm32h7xx_it.o(i.UART4_IRQHandler)
    UART_AdvFeatureConfig                    0x0800a4a5   Thumb Code   200  stm32h7xx_hal_uart.o(i.UART_AdvFeatureConfig)
    UART_CheckIdleState                      0x0800a56d   Thumb Code   170  stm32h7xx_hal_uart.o(i.UART_CheckIdleState)
    UART_SetConfig                           0x0800a79d   Thumb Code   876  stm32h7xx_hal_uart.o(i.UART_SetConfig)
    UART_Start_Receive_DMA                   0x0800ab49   Thumb Code   156  stm32h7xx_hal_uart.o(i.UART_Start_Receive_DMA)
    UART_WaitOnFlagUntilTimeout              0x0800abf1   Thumb Code   148  stm32h7xx_hal_uart.o(i.UART_WaitOnFlagUntilTimeout)
    UKFPredict_InitTask                      0x0800ac85   Thumb Code    32  main.o(i.UKFPredict_InitTask)
    UKF_Init                                 0x0800acb1   Thumb Code   264  ukf_fusion.o(i.UKF_Init)
    UKF_Predict                              0x0800add5   Thumb Code   746  ukf_fusion.o(i.UKF_Predict)
    UKF_Update                               0x0800b0ed   Thumb Code   822  ukf_fusion.o(i.UKF_Update)
    USART2_IRQHandler                        0x0800b43d   Thumb Code     6  stm32h7xx_it.o(i.USART2_IRQHandler)
    USART3_IRQHandler                        0x0800b449   Thumb Code     6  stm32h7xx_it.o(i.USART3_IRQHandler)
    UsageFault_Handler                       0x0800b455   Thumb Code     2  stm32h7xx_it.o(i.UsageFault_Handler)
    __ARM_fpclassifyf                        0x0800b457   Thumb Code    38  fpclassifyf.o(i.__ARM_fpclassifyf)
    __hardfp_atan2f                          0x0800b4a1   Thumb Code   502  atan2f.o(i.__hardfp_atan2f)
    __hardfp_atanf                           0x0800b6f9   Thumb Code   296  atanf.o(i.__hardfp_atanf)
    __hardfp_cosf                            0x0800b869   Thumb Code   276  cosf.o(i.__hardfp_cosf)
    __hardfp_expf                            0x0800b9b9   Thumb Code   426  expf.o(i.__hardfp_expf)
    __mathlib_expf                           0x0800b9b9   Thumb Code     0  expf.o(i.__hardfp_expf)
    __hardfp_fmaxf                           0x0800bbad   Thumb Code    72  fmaxf.o(i.__hardfp_fmaxf)
    __hardfp_fminf                           0x0800bbf5   Thumb Code    72  fminf.o(i.__hardfp_fminf)
    __hardfp_fmodf                           0x0800bc3d   Thumb Code   176  fmodf.o(i.__hardfp_fmodf)
    __hardfp_powf                            0x0800bced   Thumb Code  1590  powf.o(i.__hardfp_powf)
    __mathlib_powf                           0x0800bced   Thumb Code     0  powf.o(i.__hardfp_powf)
    __hardfp_sinf                            0x0800c345   Thumb Code   344  sinf.o(i.__hardfp_sinf)
    __hardfp_sqrtf                           0x0800c4d9   Thumb Code    58  sqrtf.o(i.__hardfp_sqrtf)
    __hardfp_tanhf                           0x0800c515   Thumb Code   208  tanhf.o(i.__hardfp_tanhf)
    __mathlib_flt_divzero                    0x0800c601   Thumb Code    14  funder.o(i.__mathlib_flt_divzero)
    __mathlib_flt_infnan                     0x0800c619   Thumb Code     6  funder.o(i.__mathlib_flt_infnan)
    __mathlib_flt_infnan2                    0x0800c61f   Thumb Code     6  funder.o(i.__mathlib_flt_infnan2)
    __mathlib_flt_invalid                    0x0800c625   Thumb Code    10  funder.o(i.__mathlib_flt_invalid)
    __mathlib_flt_overflow                   0x0800c635   Thumb Code    10  funder.o(i.__mathlib_flt_overflow)
    __mathlib_flt_underflow                  0x0800c645   Thumb Code    10  funder.o(i.__mathlib_flt_underflow)
    __mathlib_rredf2                         0x0800c655   Thumb Code   316  rredf.o(i.__mathlib_rredf2)
    calculate_position_xy_plane              0x0800c7a9   Thumb Code   186  main.o(i.calculate_position_xy_plane)
    clamp                                    0x0800c871   Thumb Code    32  aismc_control.o(i.clamp)
    compareFloat                             0x0800c891   Thumb Code    42  main.o(i.compareFloat)
    decode_sbus                              0x0800c995   Thumb Code   164  main.o(i.decode_sbus)
    main                                     0x0800ca41   Thumb Code   348  main.o(i.main)
    mapf                                     0x0800cbc5   Thumb Code    26  aismc_control.o(i.mapf)
    osDelay                                  0x0800cbdf   Thumb Code    28  cmsis_os2.o(i.osDelay)
    osKernelInitialize                       0x0800cbfd   Thumb Code    32  cmsis_os2.o(i.osKernelInitialize)
    osKernelStart                            0x0800cc21   Thumb Code    48  cmsis_os2.o(i.osKernelStart)
    osMutexAcquire                           0x0800cc59   Thumb Code    82  cmsis_os2.o(i.osMutexAcquire)
    osMutexNew                               0x0800ccab   Thumb Code   104  cmsis_os2.o(i.osMutexNew)
    osMutexRelease                           0x0800cd13   Thumb Code    66  cmsis_os2.o(i.osMutexRelease)
    osThreadNew                              0x0800cd55   Thumb Code   144  cmsis_os2.o(i.osThreadNew)
    parseData                                0x0800cde5   Thumb Code   254  main.o(i.parseData)
    pvPortMalloc                             0x0800d6a9   Thumb Code   216  heap_4.o(i.pvPortMalloc)
    pvTaskIncrementMutexHeldCount            0x0800d785   Thumb Code    18  tasks.o(i.pvTaskIncrementMutexHeldCount)
    pxPortInitialiseStack                    0x0800d79d   Thumb Code    42  port.o(i.pxPortInitialiseStack)
    uxListRemove                             0x0800d7cd   Thumb Code    38  list.o(i.uxListRemove)
    vApplicationGetIdleTaskMemory            0x0800d7f5   Thumb Code    18  cmsis_os2.o(i.vApplicationGetIdleTaskMemory)
    vApplicationGetTimerTaskMemory           0x0800d80d   Thumb Code    20  cmsis_os2.o(i.vApplicationGetTimerTaskMemory)
    vListInitialise                          0x0800d825   Thumb Code    22  list.o(i.vListInitialise)
    vListInitialiseItem                      0x0800d83b   Thumb Code     6  list.o(i.vListInitialiseItem)
    vListInsert                              0x0800d841   Thumb Code    48  list.o(i.vListInsert)
    vListInsertEnd                           0x0800d871   Thumb Code    24  list.o(i.vListInsertEnd)
    vPortEnterCritical                       0x0800d889   Thumb Code    54  port.o(i.vPortEnterCritical)
    vPortExitCritical                        0x0800d8c9   Thumb Code    34  port.o(i.vPortExitCritical)
    vPortFree                                0x0800d8f1   Thumb Code    94  heap_4.o(i.vPortFree)
    vPortSetupTimerInterrupt                 0x0800d955   Thumb Code    32  port.o(i.vPortSetupTimerInterrupt)
    vPortValidateInterruptPriority           0x0800d979   Thumb Code    74  port.o(i.vPortValidateInterruptPriority)
    vQueueAddToRegistry                      0x0800d9cd   Thumb Code    34  queue.o(i.vQueueAddToRegistry)
    vQueueWaitForMessageRestricted           0x0800d9f5   Thumb Code    68  queue.o(i.vQueueWaitForMessageRestricted)
    vTaskDelay                               0x0800da39   Thumb Code    66  tasks.o(i.vTaskDelay)
    vTaskDelayUntil                          0x0800da85   Thumb Code   132  tasks.o(i.vTaskDelayUntil)
    vTaskInternalSetTimeOutState             0x0800db11   Thumb Code    12  tasks.o(i.vTaskInternalSetTimeOutState)
    vTaskMissedYield                         0x0800db21   Thumb Code     8  tasks.o(i.vTaskMissedYield)
    vTaskPlaceOnEventList                    0x0800db2d   Thumb Code    44  tasks.o(i.vTaskPlaceOnEventList)
    vTaskPlaceOnEventListRestricted          0x0800db5d   Thumb Code    52  tasks.o(i.vTaskPlaceOnEventListRestricted)
    vTaskPriorityDisinheritAfterTimeout      0x0800db95   Thumb Code   136  tasks.o(i.vTaskPriorityDisinheritAfterTimeout)
    vTaskStartScheduler                      0x0800dc25   Thumb Code   118  tasks.o(i.vTaskStartScheduler)
    vTaskSuspendAll                          0x0800dcad   Thumb Code    10  tasks.o(i.vTaskSuspendAll)
    vTaskSwitchContext                       0x0800dcbd   Thumb Code    90  tasks.o(i.vTaskSwitchContext)
    xPortStartScheduler                      0x0800dd21   Thumb Code   222  port.o(i.xPortStartScheduler)
    xPortSysTickHandler                      0x0800de15   Thumb Code    38  port.o(i.xPortSysTickHandler)
    xQueueCreateMutex                        0x0800de41   Thumb Code    22  queue.o(i.xQueueCreateMutex)
    xQueueCreateMutexStatic                  0x0800de57   Thumb Code    26  queue.o(i.xQueueCreateMutexStatic)
    xQueueGenericCreate                      0x0800de71   Thumb Code    66  queue.o(i.xQueueGenericCreate)
    xQueueGenericCreateStatic                0x0800deb3   Thumb Code   102  queue.o(i.xQueueGenericCreateStatic)
    xQueueGenericReset                       0x0800df19   Thumb Code   144  queue.o(i.xQueueGenericReset)
    xQueueGenericSend                        0x0800dfad   Thumb Code   346  queue.o(i.xQueueGenericSend)
    xQueueGenericSendFromISR                 0x0800e10d   Thumb Code   190  queue.o(i.xQueueGenericSendFromISR)
    xQueueGiveMutexRecursive                 0x0800e1cb   Thumb Code    62  queue.o(i.xQueueGiveMutexRecursive)
    xQueueReceive                            0x0800e209   Thumb Code   310  queue.o(i.xQueueReceive)
    xQueueSemaphoreTake                      0x0800e345   Thumb Code   376  queue.o(i.xQueueSemaphoreTake)
    xQueueTakeMutexRecursive                 0x0800e4c1   Thumb Code    60  queue.o(i.xQueueTakeMutexRecursive)
    xTaskCheckForTimeOut                     0x0800e4fd   Thumb Code   116  tasks.o(i.xTaskCheckForTimeOut)
    xTaskCreate                              0x0800e575   Thumb Code    90  tasks.o(i.xTaskCreate)
    xTaskCreateStatic                        0x0800e5cf   Thumb Code    86  tasks.o(i.xTaskCreateStatic)
    xTaskGetCurrentTaskHandle                0x0800e625   Thumb Code     6  tasks.o(i.xTaskGetCurrentTaskHandle)
    xTaskGetSchedulerState                   0x0800e631   Thumb Code    22  tasks.o(i.xTaskGetSchedulerState)
    xTaskGetTickCount                        0x0800e64d   Thumb Code     6  tasks.o(i.xTaskGetTickCount)
    xTaskIncrementTick                       0x0800e659   Thumb Code   192  tasks.o(i.xTaskIncrementTick)
    xTaskPriorityDisinherit                  0x0800e721   Thumb Code   116  tasks.o(i.xTaskPriorityDisinherit)
    xTaskPriorityInherit                     0x0800e79d   Thumb Code   114  tasks.o(i.xTaskPriorityInherit)
    xTaskRemoveFromEventList                 0x0800e819   Thumb Code   100  tasks.o(i.xTaskRemoveFromEventList)
    xTaskResumeAll                           0x0800e889   Thumb Code   184  tasks.o(i.xTaskResumeAll)
    xTimerCreateTimerTask                    0x0800e94d   Thumb Code    78  timers.o(i.xTimerCreateTimerTask)
    xTimerGenericCommand                     0x0800e9ad   Thumb Code    98  timers.o(i.xTimerGenericCommand)
    __fcmp4                                  0x0800ea15   Thumb Code    24  fcmp4.o(x$fpl$fcmp4)
    __ARM_fcmp4                              0x0800ea2d   Thumb Code     0  fcmp4.o(x$fpl$fcmp4)
    _fcmp4                                   0x0800ea2d   Thumb Code    58  fcmp4.o(x$fpl$fcmp4)
    __fpl_fcmp_Inf                           0x0800ea67   Thumb Code    24  fcmpi.o(x$fpl$fcmpinf)
    __fpl_fnaninf                            0x0800ea7f   Thumb Code   140  fnaninf.o(x$fpl$fnaninf)
    _fp_init                                 0x0800eb0b   Thumb Code    10  fpinit.o(x$fpl$fpinit)
    __fplib_config_fpu_vfp                   0x0800eb13   Thumb Code     0  fpinit.o(x$fpl$fpinit)
    __fplib_config_pureend_doubles           0x0800eb13   Thumb Code     0  fpinit.o(x$fpl$fpinit)
    _frem                                    0x0800eb15   Thumb Code   240  frem_clz.o(x$fpl$frem)
    __I$use$fp                               0x0800ec08   Number         0  usenofp.o(x$fpl$usenofp)
    UARTPrescTable                           0x0800ee08   Data          24  stm32h7xx_hal_uart.o(.constdata)
    D1CorePrescTable                         0x0800ee30   Data          16  system_stm32h7xx.o(.constdata)
    Region$$Table$$Base                      0x0800f044   Number         0  anon$$obj.o(Region$$Table)
    Region$$Table$$Limit                     0x0800f064   Number         0  anon$$obj.o(Region$$Table)
    sbus_rx_buffer                           0x24000000   Data          64  main.o(.RAM_D3)
    pi4_rx_buffer                            0x24000040   Data          64  main.o(.RAM_D3)
    GyroRoll                                 0x240000b0   Data           4  icm20948.o(.data)
    GyroPitch                                0x240000b4   Data           4  icm20948.o(.data)
    GyroYaw                                  0x240000b8   Data           4  icm20948.o(.data)
    mag_x                                    0x240000be   Data           2  icm20948_mag.o(.data)
    mag_y                                    0x240000c0   Data           2  icm20948_mag.o(.data)
    mag_z                                    0x240000c2   Data           2  icm20948_mag.o(.data)
    Mag_Delta                                0x240000cc   Data           4  icm20948_mag.o(.data)
    Yaw_Drift                                0x240000d0   Data           4  icm20948_mag.o(.data)
    accel_roll                               0x2400011c   Data           4  icm20948_mag.o(.data)
    accel_pitch                              0x24000120   Data           4  icm20948_mag.o(.data)
    accel_yaw                                0x24000124   Data           4  icm20948_mag.o(.data)
    ukf_update_flag                          0x24000138   Data           1  main.o(.data)
    takeoff_complete                         0x24000139   Data           1  main.o(.data)
    stop                                     0x2400013a   Data           1  main.o(.data)
    sbus_failsafe                            0x2400013b   Data           1  main.o(.data)
    sbus_lostframe                           0x2400013c   Data           1  main.o(.data)
    sbus_new_frame                           0x2400013d   Data           1  main.o(.data)
    posit                                    0x2400013e   Data           1  main.o(.data)
    u1_auto_base                             0x24000144   Data           4  main.o(.data)
    u1_hold                                  0x24000148   Data           4  main.o(.data)
    Roll_SP_outer                            0x2400014c   Data           4  main.o(.data)
    Pitch_SP_outer                           0x24000150   Data           4  main.o(.data)
    u1_outer                                 0x24000154   Data           4  main.o(.data)
    Yaw_SP_offset                            0x24000158   Data           4  main.o(.data)
    cmd                                      0x2400015c   Data           4  main.o(.data)
    drone_status                             0x24000160   Data           4  main.o(.data)
    UWB_Process_Time                         0x24000164   Data           4  main.o(.data)
    inner_time                               0x24000168   Data           4  main.o(.data)
    outer_time                               0x2400016c   Data           4  main.o(.data)
    drone_z_ukf                              0x24000170   Data           4  main.o(.data)
    drone_x                                  0x24000174   Data           4  main.o(.data)
    drone_y                                  0x24000178   Data           4  main.o(.data)
    drone_z                                  0x2400017c   Data           4  main.o(.data)
    vx                                       0x24000180   Data           4  main.o(.data)
    vy                                       0x24000184   Data           4  main.o(.data)
    vz                                       0x24000188   Data           4  main.o(.data)
    vz_ukf                                   0x2400018c   Data           4  main.o(.data)
    Roll                                     0x24000190   Data           4  main.o(.data)
    Pitch                                    0x24000194   Data           4  main.o(.data)
    Yaw                                      0x24000198   Data           4  main.o(.data)
    drone_x_SP                               0x2400019c   Data           4  main.o(.data)
    drone_y_SP                               0x240001a0   Data           4  main.o(.data)
    drone_z_SP                               0x240001a4   Data           4  main.o(.data)
    Roll_SP                                  0x240001a8   Data           4  main.o(.data)
    Pitch_SP                                 0x240001ac   Data           4  main.o(.data)
    Yaw_SP                                   0x240001b0   Data           4  main.o(.data)
    Throttle                                 0x240001b4   Data           4  main.o(.data)
    ukfPredictTaskHandle                     0x240001b8   Data           4  main.o(.data)
    ukf_mutex                                0x240001bc   Data           4  main.o(.data)
    fcTaskHandle                             0x240001c0   Data           4  main.o(.data)
    Roll_SP_offset                           0x240001c4   Data           4  main.o(.data)
    Pitch_SP_offset                          0x240001c8   Data           4  main.o(.data)
    anchors                                  0x240001cc   Data          36  main.o(.data)
    uwTickFreq                               0x24000208   Data           1  stm32h7xx_hal.o(.data)
    uwTickPrio                               0x2400020c   Data           4  stm32h7xx_hal.o(.data)
    uwTick                                   0x24000210   Data           4  stm32h7xx_hal.o(.data)
    SystemCoreClock                          0x24000214   Data           4  system_stm32h7xx.o(.data)
    SystemD2Clock                            0x24000218   Data           4  system_stm32h7xx.o(.data)
    pxCurrentTCB                             0x2400021c   Data           4  tasks.o(.data)
    my_ukf                                   0x24002c60   Data        4588  main.o(.bss)
    log_data                                 0x24003e4c   Data          48  main.o(.bss)
    h_aismc_outer                            0x24003e7c   Data          52  main.o(.bss)
    distances                                0x24003eb0   Data          12  main.o(.bss)
    uart3_rx_buffer                          0x24003ebc   Data         256  main.o(.bss)
    sbus_channels                            0x24003fbc   Data          36  main.o(.bss)
    hdcmi                                    0x24003fe0   Data          80  dcmi.o(.bss)
    hdma_dcmi                                0x24004030   Data         120  dcmi.o(.bss)
    hfdcan1                                  0x240040a8   Data         160  fdcan.o(.bss)
    hi2c1                                    0x24004148   Data          84  i2c.o(.bss)
    hi2c4                                    0x2400419c   Data          84  i2c.o(.bss)
    hdma_i2c4_rx                             0x240041f0   Data         120  i2c.o(.bss)
    hspi1                                    0x24004268   Data         136  spi.o(.bss)
    hspi2                                    0x240042f0   Data         136  spi.o(.bss)
    hspi4                                    0x24004378   Data         136  spi.o(.bss)
    hdma_spi1_rx                             0x24004400   Data         120  spi.o(.bss)
    hdma_spi2_rx                             0x24004478   Data         120  spi.o(.bss)
    htim1                                    0x240044f0   Data          76  tim.o(.bss)
    htim2                                    0x2400453c   Data          76  tim.o(.bss)
    htim3                                    0x24004588   Data          76  tim.o(.bss)
    htim6                                    0x240045d4   Data          76  tim.o(.bss)
    htim12                                   0x24004620   Data          76  tim.o(.bss)
    htim16                                   0x2400466c   Data          76  tim.o(.bss)
    huart4                                   0x240046b8   Data         148  usart.o(.bss)
    huart2                                   0x2400474c   Data         148  usart.o(.bss)
    huart3                                   0x240047e0   Data         148  usart.o(.bss)
    hdma_uart4_rx                            0x24004874   Data         120  usart.o(.bss)
    hdma_usart2_rx                           0x240048ec   Data         120  usart.o(.bss)
    hdma_usart2_tx                           0x24004964   Data         120  usart.o(.bss)
    hdma_usart3_rx                           0x240049dc   Data         120  usart.o(.bss)
    htim7                                    0x24004a54   Data          76  stm32h7xx_hal_timebase_tim.o(.bss)
    xQueueRegistry                           0x24004aa0   Data          64  queue.o(.bss)
    __libspace_start                         0x24009374   Data          96  libspace.o(.bss)
    __temporary_stack_top$libspace           0x240093d4   Data           0  libspace.o(.bss)



==============================================================================

Memory Map of the image

  Image Entry point : 0x08000299

  Load Region LR_IROM1 (Base: 0x08000000, Size: 0x00010a30, Max: 0x00020000, ABSOLUTE, COMPRESSED[0x0000f0c4])

    Execution Region ER_IROM1 (Exec base: 0x08000000, Load base: 0x08000000, Size: 0x0000f064, Max: 0x00020000, ABSOLUTE)

    Exec Addr    Load Addr    Size         Type   Attr      Idx    E Section Name        Object

    0x08000000   0x08000000   0x00000298   Data   RO            3    RESET               startup_stm32h750xx.o
    0x08000298   0x08000298   0x00000008   Code   RO         8475  * !!!main             c_w.l(__main.o)
    0x080002a0   0x080002a0   0x00000034   Code   RO         8859    !!!scatter          c_w.l(__scatter.o)
    0x080002d4   0x080002d4   0x0000005a   Code   RO         8857    !!dczerorl2         c_w.l(__dczerorl2.o)
    0x0800032e   0x0800032e   0x00000002   PAD
    0x08000330   0x08000330   0x0000001c   Code   RO         8861    !!handler_zi        c_w.l(__scatter_zi.o)
    0x0800034c   0x0800034c   0x00000002   Code   RO         8783    .ARM.Collect$$libinit$$00000000  c_w.l(libinit.o)
    0x0800034e   0x0800034e   0x00000004   Code   RO         8603    .ARM.Collect$$libinit$$00000001  c_w.l(libinit2.o)
    0x08000352   0x08000352   0x00000000   Code   RO         8606    .ARM.Collect$$libinit$$00000004  c_w.l(libinit2.o)
    0x08000352   0x08000352   0x00000000   Code   RO         8609    .ARM.Collect$$libinit$$0000000A  c_w.l(libinit2.o)
    0x08000352   0x08000352   0x00000000   Code   RO         8611    .ARM.Collect$$libinit$$0000000C  c_w.l(libinit2.o)
    0x08000352   0x08000352   0x00000000   Code   RO         8613    .ARM.Collect$$libinit$$0000000E  c_w.l(libinit2.o)
    0x08000352   0x08000352   0x00000000   Code   RO         8616    .ARM.Collect$$libinit$$00000011  c_w.l(libinit2.o)
    0x08000352   0x08000352   0x00000000   Code   RO         8618    .ARM.Collect$$libinit$$00000013  c_w.l(libinit2.o)
    0x08000352   0x08000352   0x00000000   Code   RO         8620    .ARM.Collect$$libinit$$00000015  c_w.l(libinit2.o)
    0x08000352   0x08000352   0x00000000   Code   RO         8622    .ARM.Collect$$libinit$$00000017  c_w.l(libinit2.o)
    0x08000352   0x08000352   0x00000000   Code   RO         8624    .ARM.Collect$$libinit$$00000019  c_w.l(libinit2.o)
    0x08000352   0x08000352   0x00000000   Code   RO         8626    .ARM.Collect$$libinit$$0000001B  c_w.l(libinit2.o)
    0x08000352   0x08000352   0x00000000   Code   RO         8628    .ARM.Collect$$libinit$$0000001D  c_w.l(libinit2.o)
    0x08000352   0x08000352   0x00000000   Code   RO         8630    .ARM.Collect$$libinit$$0000001F  c_w.l(libinit2.o)
    0x08000352   0x08000352   0x00000000   Code   RO         8632    .ARM.Collect$$libinit$$00000021  c_w.l(libinit2.o)
    0x08000352   0x08000352   0x00000000   Code   RO         8634    .ARM.Collect$$libinit$$00000023  c_w.l(libinit2.o)
    0x08000352   0x08000352   0x00000000   Code   RO         8636    .ARM.Collect$$libinit$$00000025  c_w.l(libinit2.o)
    0x08000352   0x08000352   0x00000000   Code   RO         8640    .ARM.Collect$$libinit$$0000002C  c_w.l(libinit2.o)
    0x08000352   0x08000352   0x00000000   Code   RO         8642    .ARM.Collect$$libinit$$0000002E  c_w.l(libinit2.o)
    0x08000352   0x08000352   0x00000000   Code   RO         8644    .ARM.Collect$$libinit$$00000030  c_w.l(libinit2.o)
    0x08000352   0x08000352   0x00000000   Code   RO         8646    .ARM.Collect$$libinit$$00000032  c_w.l(libinit2.o)
    0x08000352   0x08000352   0x00000002   Code   RO         8647    .ARM.Collect$$libinit$$00000033  c_w.l(libinit2.o)
    0x08000354   0x08000354   0x00000002   Code   RO         8824    .ARM.Collect$$libshutdown$$00000000  c_w.l(libshutdown.o)
    0x08000356   0x08000356   0x00000000   Code   RO         8840    .ARM.Collect$$libshutdown$$00000002  c_w.l(libshutdown2.o)
    0x08000356   0x08000356   0x00000000   Code   RO         8842    .ARM.Collect$$libshutdown$$00000004  c_w.l(libshutdown2.o)
    0x08000356   0x08000356   0x00000000   Code   RO         8845    .ARM.Collect$$libshutdown$$00000007  c_w.l(libshutdown2.o)
    0x08000356   0x08000356   0x00000000   Code   RO         8848    .ARM.Collect$$libshutdown$$0000000A  c_w.l(libshutdown2.o)
    0x08000356   0x08000356   0x00000000   Code   RO         8850    .ARM.Collect$$libshutdown$$0000000C  c_w.l(libshutdown2.o)
    0x08000356   0x08000356   0x00000000   Code   RO         8853    .ARM.Collect$$libshutdown$$0000000F  c_w.l(libshutdown2.o)
    0x08000356   0x08000356   0x00000002   Code   RO         8854    .ARM.Collect$$libshutdown$$00000010  c_w.l(libshutdown2.o)
    0x08000358   0x08000358   0x00000000   Code   RO         8587    .ARM.Collect$$rtentry$$00000000  c_w.l(__rtentry.o)
    0x08000358   0x08000358   0x00000000   Code   RO         8691    .ARM.Collect$$rtentry$$00000002  c_w.l(__rtentry2.o)
    0x08000358   0x08000358   0x00000006   Code   RO         8703    .ARM.Collect$$rtentry$$00000004  c_w.l(__rtentry4.o)
    0x0800035e   0x0800035e   0x00000000   Code   RO         8693    .ARM.Collect$$rtentry$$00000009  c_w.l(__rtentry2.o)
    0x0800035e   0x0800035e   0x00000004   Code   RO         8694    .ARM.Collect$$rtentry$$0000000A  c_w.l(__rtentry2.o)
    0x08000362   0x08000362   0x00000000   Code   RO         8696    .ARM.Collect$$rtentry$$0000000C  c_w.l(__rtentry2.o)
    0x08000362   0x08000362   0x00000008   Code   RO         8697    .ARM.Collect$$rtentry$$0000000D  c_w.l(__rtentry2.o)
    0x0800036a   0x0800036a   0x00000002   Code   RO         8786    .ARM.Collect$$rtexit$$00000000  c_w.l(rtexit.o)
    0x0800036c   0x0800036c   0x00000000   Code   RO         8806    .ARM.Collect$$rtexit$$00000002  c_w.l(rtexit2.o)
    0x0800036c   0x0800036c   0x00000004   Code   RO         8807    .ARM.Collect$$rtexit$$00000003  c_w.l(rtexit2.o)
    0x08000370   0x08000370   0x00000006   Code   RO         8808    .ARM.Collect$$rtexit$$00000004  c_w.l(rtexit2.o)
    0x08000376   0x08000376   0x00000002   PAD
    0x08000378   0x08000378   0x000000be   Code   RO         8286    .emb_text           port.o
    0x08000436   0x08000436   0x00000002   PAD
    0x08000438   0x08000438   0x00000048   Code   RO            4    .text               startup_stm32h750xx.o
    0x08000480   0x08000480   0x000000ee   Code   RO         8424    .text               c_w.l(lludivv7m.o)
    0x0800056e   0x0800056e   0x00000264   Code   RO         8461    .text               c_w.l(qsortnoex.o)
    0x080007d2   0x080007d2   0x0000008a   Code   RO         8463    .text               c_w.l(rt_memcpy_v6.o)
    0x0800085c   0x0800085c   0x00000064   Code   RO         8465    .text               c_w.l(rt_memcpy_w.o)
    0x080008c0   0x080008c0   0x00000010   Code   RO         8469    .text               c_w.l(aeabi_memset.o)
    0x080008d0   0x080008d0   0x0000004e   Code   RO         8471    .text               c_w.l(rt_memclr_w.o)
    0x0800091e   0x0800091e   0x00000006   Code   RO         8473    .text               c_w.l(heapauxi.o)
    0x08000924   0x08000924   0x00000016   Code   RO         8592    .text               c_w.l(_rserrno.o)
    0x0800093a   0x0800093a   0x00000044   Code   RO         8601    .text               c_w.l(rt_memclr.o)
    0x0800097e   0x0800097e   0x00000002   PAD
    0x08000980   0x08000980   0x00000008   Code   RO         8715    .text               c_w.l(rt_errno_addr_intlibspace.o)
    0x08000988   0x08000988   0x00000008   Code   RO         8761    .text               c_w.l(libspace.o)
    0x08000990   0x08000990   0x0000004a   Code   RO         8764    .text               c_w.l(sys_stackheap_outer.o)
    0x080009da   0x080009da   0x00000012   Code   RO         8766    .text               c_w.l(exit.o)
    0x080009ec   0x080009ec   0x0000000c   Code   RO         8800    .text               c_w.l(sys_exit.o)
    0x080009f8   0x080009f8   0x00000002   Code   RO         8802    .text               c_w.l(use_no_semi.o)
    0x080009fa   0x080009fa   0x00000000   Code   RO         8804    .text               c_w.l(indicate_semi.o)
    0x080009fa   0x080009fa   0x00000002   PAD
    0x080009fc   0x080009fc   0x000000be   Code   RO         8364    .text.arm_mat_add_f32  arm_cortexM7lfdp_math.lib(arm_mat_add_f32.o)
    0x08000aba   0x08000aba   0x00000008   Code   RO         8374    .text.arm_mat_init_f32  arm_cortexM7lfdp_math.lib(arm_mat_init_f32.o)
    0x08000ac2   0x08000ac2   0x00000002   PAD
    0x08000ac4   0x08000ac4   0x000002cc   Code   RO         8383    .text.arm_mat_inverse_f32  arm_cortexM7lfdp_math.lib(arm_mat_inverse_f32.o)
    0x08000d90   0x08000d90   0x00000130   Code   RO         8393    .text.arm_mat_mult_f32  arm_cortexM7lfdp_math.lib(arm_mat_mult_f32.o)
    0x08000ec0   0x08000ec0   0x000000be   Code   RO         8403    .text.arm_mat_sub_f32  arm_cortexM7lfdp_math.lib(arm_mat_sub_f32.o)
    0x08000f7e   0x08000f7e   0x00000002   PAD
    0x08000f80   0x08000f80   0x000000b4   Code   RO         8413    .text.arm_mat_trans_f32  arm_cortexM7lfdp_math.lib(arm_mat_trans_f32.o)
    0x08001034   0x08001034   0x00000024   Code   RO          243    i.AISMC_Init        aismc_control.o
    0x08001058   0x08001058   0x0000002c   Code   RO          303    i.AISMC_Outer_Init  aismc_outer.o
    0x08001084   0x08001084   0x00000030   Code   RO          304    i.AISMC_Outer_Reset  aismc_outer.o
    0x080010b4   0x080010b4   0x00000310   Code   RO          305    i.AISMC_Outer_Update  aismc_outer.o
    0x080013c4   0x080013c4   0x000001c4   Code   RO          244    i.AISMC_Update      aismc_control.o
    0x08001588   0x08001588   0x0000003c   Code   RO          245    i.Actuator_Stop     aismc_control.o
    0x080015c4   0x080015c4   0x00000124   Code   RO          246    i.Actuator_Write    aismc_control.o
    0x080016e8   0x080016e8   0x0000000c   Code   RO         1245    i.BDMA_Channel0_IRQHandler  stm32h7xx_it.o
    0x080016f4   0x080016f4   0x00000088   Code   RO          393    i.BMP388_Get_Relative_Altitude  bmp388.o
    0x0800177c   0x0800177c   0x00000088   Code   RO          394    i.BMP388_Get_Relative_Altitude_ukf  bmp388.o
    0x08001804   0x08001804   0x00000076   Code   RO          395    i.BMP388_Init       bmp388.o
    0x0800187a   0x0800187a   0x00000014   Code   RO          396    i.BMP388_ReadRegs   bmp388.o
    0x0800188e   0x0800188e   0x00000002   PAD
    0x08001890   0x08001890   0x00000214   Code   RO          397    i.BMP388_Read_Calibration  bmp388.o
    0x08001aa4   0x08001aa4   0x0000012c   Code   RO          398    i.BMP388_Read_Data  bmp388.o
    0x08001bd0   0x08001bd0   0x00000084   Code   RO          399    i.BMP388_Set_Ground_Level  bmp388.o
    0x08001c54   0x08001c54   0x00000084   Code   RO          400    i.BMP388_Set_Ground_Level_ukf  bmp388.o
    0x08001cd8   0x08001cd8   0x0000001a   Code   RO          401    i.BMP388_WriteReg   bmp388.o
    0x08001cf2   0x08001cf2   0x00000002   Code   RO         1246    i.BusFault_Handler  stm32h7xx_it.o
    0x08001cf4   0x08001cf4   0x00000018   Code   RO          470    i.CalcCRC           main.o
    0x08001d0c   0x08001d0c   0x00000020   Code   RO         2701    i.DCMI_DMAError     stm32h7xx_hal_dcmi.o
    0x08001d2c   0x08001d2c   0x0000000c   Code   RO         1247    i.DCMI_IRQHandler   stm32h7xx_it.o
    0x08001d38   0x08001d38   0x0000000c   Code   RO         1248    i.DMA1_Stream0_IRQHandler  stm32h7xx_it.o
    0x08001d44   0x08001d44   0x0000000c   Code   RO         1249    i.DMA1_Stream1_IRQHandler  stm32h7xx_it.o
    0x08001d50   0x08001d50   0x0000000c   Code   RO         1250    i.DMA1_Stream2_IRQHandler  stm32h7xx_it.o
    0x08001d5c   0x08001d5c   0x0000000c   Code   RO         1251    i.DMA1_Stream3_IRQHandler  stm32h7xx_it.o
    0x08001d68   0x08001d68   0x0000000c   Code   RO         1252    i.DMA1_Stream4_IRQHandler  stm32h7xx_it.o
    0x08001d74   0x08001d74   0x0000000c   Code   RO         1253    i.DMA1_Stream5_IRQHandler  stm32h7xx_it.o
    0x08001d80   0x08001d80   0x0000000c   Code   RO         1254    i.DMA1_Stream6_IRQHandler  stm32h7xx_it.o
    0x08001d8c   0x08001d8c   0x000000b4   Code   RO         3463    i.DMA_CalcBaseAndBitshift  stm32h7xx_hal_dma.o
    0x08001e40   0x08001e40   0x0000009c   Code   RO         3464    i.DMA_CalcDMAMUXChannelBaseAndMask  stm32h7xx_hal_dma.o
    0x08001edc   0x08001edc   0x00000074   Code   RO         3465    i.DMA_CalcDMAMUXRequestGenBaseAndMask  stm32h7xx_hal_dma.o
    0x08001f50   0x08001f50   0x00000054   Code   RO         3466    i.DMA_CheckFifoParam  stm32h7xx_hal_dma.o
    0x08001fa4   0x08001fa4   0x00000220   Code   RO         3467    i.DMA_SetConfig     stm32h7xx_hal_dma.o
    0x080021c4   0x080021c4   0x00000002   Code   RO         1255    i.DebugMon_Handler  stm32h7xx_it.o
    0x080021c6   0x080021c6   0x00000002   PAD
    0x080021c8   0x080021c8   0x00000040   Code   RO          471    i.ESC_Calibration   main.o
    0x08002208   0x08002208   0x00000004   Code   RO          472    i.Error_Handler     main.o
    0x0800220c   0x0800220c   0x0000001c   Code   RO         6565    i.ExitRun0Mode      system_stm32h7xx.o
    0x08002228   0x08002228   0x0000000c   Code   RO         1256    i.FDCAN1_IT0_IRQHandler  stm32h7xx_it.o
    0x08002234   0x08002234   0x000001c8   Code   RO         5080    i.FDCAN_CalcultateRamBlockAddresses  stm32h7xx_hal_fdcan.o
    0x080023fc   0x080023fc   0x0000002c   Code   RO          473    i.FlightControl_InitTask  main.o
    0x08002428   0x08002428   0x00000002   Code   RO         2708    i.HAL_DCMI_ErrorCallback  stm32h7xx_hal_dcmi.o
    0x0800242a   0x0800242a   0x00000002   Code   RO         2709    i.HAL_DCMI_FrameEventCallback  stm32h7xx_hal_dcmi.o
    0x0800242c   0x0800242c   0x0000009c   Code   RO         2712    i.HAL_DCMI_IRQHandler  stm32h7xx_hal_dcmi.o
    0x080024c8   0x080024c8   0x0000009c   Code   RO         2713    i.HAL_DCMI_Init     stm32h7xx_hal_dcmi.o
    0x08002564   0x08002564   0x00000002   Code   RO         2714    i.HAL_DCMI_LineEventCallback  stm32h7xx_hal_dcmi.o
    0x08002566   0x08002566   0x00000002   PAD
    0x08002568   0x08002568   0x00000124   Code   RO          888    i.HAL_DCMI_MspInit  dcmi.o
    0x0800268c   0x0800268c   0x00000002   Code   RO         2721    i.HAL_DCMI_VsyncEventCallback  stm32h7xx_hal_dcmi.o
    0x0800268e   0x0800268e   0x00000002   PAD
    0x08002690   0x08002690   0x00000360   Code   RO         3468    i.HAL_DMA_Abort     stm32h7xx_hal_dma.o
    0x080029f0   0x080029f0   0x00000284   Code   RO         3469    i.HAL_DMA_Abort_IT  stm32h7xx_hal_dma.o
    0x08002c74   0x08002c74   0x000006e8   Code   RO         3473    i.HAL_DMA_IRQHandler  stm32h7xx_hal_dma.o
    0x0800335c   0x0800335c   0x000003c4   Code   RO         3474    i.HAL_DMA_Init      stm32h7xx_hal_dma.o
    0x08003720   0x08003720   0x0000029c   Code   RO         3478    i.HAL_DMA_Start_IT  stm32h7xx_hal_dma.o
    0x080039bc   0x080039bc   0x00000024   Code   RO         4177    i.HAL_Delay         stm32h7xx_hal.o
    0x080039e0   0x080039e0   0x00000002   Code   RO         5086    i.HAL_FDCAN_ClockCalibrationCallback  stm32h7xx_hal_fdcan.o
    0x080039e2   0x080039e2   0x00000002   Code   RO         5112    i.HAL_FDCAN_ErrorCallback  stm32h7xx_hal_fdcan.o
    0x080039e4   0x080039e4   0x00000002   Code   RO         5113    i.HAL_FDCAN_ErrorStatusCallback  stm32h7xx_hal_fdcan.o
    0x080039e6   0x080039e6   0x00000002   Code   RO         5130    i.HAL_FDCAN_HighPriorityMessageCallback  stm32h7xx_hal_fdcan.o
    0x080039e8   0x080039e8   0x00000320   Code   RO         5131    i.HAL_FDCAN_IRQHandler  stm32h7xx_hal_fdcan.o
    0x08003d08   0x08003d08   0x00000244   Code   RO         5132    i.HAL_FDCAN_Init    stm32h7xx_hal_fdcan.o
    0x08003f4c   0x08003f4c   0x0000009c   Code   RO          954    i.HAL_FDCAN_MspInit  fdcan.o
    0x08003fe8   0x08003fe8   0x00000002   Code   RO         5141    i.HAL_FDCAN_RxBufferNewMessageCallback  stm32h7xx_hal_fdcan.o
    0x08003fea   0x08003fea   0x00000002   Code   RO         5142    i.HAL_FDCAN_RxFifo0Callback  stm32h7xx_hal_fdcan.o
    0x08003fec   0x08003fec   0x00000002   Code   RO         5143    i.HAL_FDCAN_RxFifo1Callback  stm32h7xx_hal_fdcan.o
    0x08003fee   0x08003fee   0x00000002   Code   RO         5166    i.HAL_FDCAN_TT_GlobalTimeCallback  stm32h7xx_hal_fdcan.o
    0x08003ff0   0x08003ff0   0x00000002   Code   RO         5167    i.HAL_FDCAN_TT_ScheduleSyncCallback  stm32h7xx_hal_fdcan.o
    0x08003ff2   0x08003ff2   0x00000002   Code   RO         5172    i.HAL_FDCAN_TT_StopWatchCallback  stm32h7xx_hal_fdcan.o
    0x08003ff4   0x08003ff4   0x00000002   Code   RO         5173    i.HAL_FDCAN_TT_TimeMarkCallback  stm32h7xx_hal_fdcan.o
    0x08003ff6   0x08003ff6   0x00000002   Code   RO         5174    i.HAL_FDCAN_TimeoutOccurredCallback  stm32h7xx_hal_fdcan.o
    0x08003ff8   0x08003ff8   0x00000002   Code   RO         5175    i.HAL_FDCAN_TimestampWraparoundCallback  stm32h7xx_hal_fdcan.o
    0x08003ffa   0x08003ffa   0x00000002   Code   RO         5176    i.HAL_FDCAN_TxBufferAbortCallback  stm32h7xx_hal_fdcan.o
    0x08003ffc   0x08003ffc   0x00000002   Code   RO         5177    i.HAL_FDCAN_TxBufferCompleteCallback  stm32h7xx_hal_fdcan.o
    0x08003ffe   0x08003ffe   0x00000002   Code   RO         5178    i.HAL_FDCAN_TxEventFifoCallback  stm32h7xx_hal_fdcan.o
    0x08004000   0x08004000   0x00000002   Code   RO         5179    i.HAL_FDCAN_TxFifoEmptyCallback  stm32h7xx_hal_fdcan.o
    0x08004002   0x08004002   0x00000002   PAD
    0x08004004   0x08004004   0x0000022c   Code   RO         3316    i.HAL_GPIO_Init     stm32h7xx_hal_gpio.o
    0x08004230   0x08004230   0x0000000a   Code   RO         3320    i.HAL_GPIO_WritePin  stm32h7xx_hal_gpio.o
    0x0800423a   0x0800423a   0x00000002   PAD
    0x0800423c   0x0800423c   0x0000000c   Code   RO         4188    i.HAL_GetREVID      stm32h7xx_hal.o
    0x08004248   0x08004248   0x0000000c   Code   RO         4189    i.HAL_GetTick       stm32h7xx_hal.o
    0x08004254   0x08004254   0x00000058   Code   RO         4954    i.HAL_I2CEx_ConfigAnalogFilter  stm32h7xx_hal_i2c_ex.o
    0x080042ac   0x080042ac   0x00000054   Code   RO         4955    i.HAL_I2CEx_ConfigDigitalFilter  stm32h7xx_hal_i2c_ex.o
    0x08004300   0x08004300   0x000000c0   Code   RO         4493    i.HAL_I2C_Init      stm32h7xx_hal_i2c.o
    0x080043c0   0x080043c0   0x00000164   Code   RO         4511    i.HAL_I2C_Mem_Read  stm32h7xx_hal_i2c.o
    0x08004524   0x08004524   0x00000158   Code   RO         4514    i.HAL_I2C_Mem_Write  stm32h7xx_hal_i2c.o
    0x0800467c   0x0800467c   0x00000124   Code   RO          996    i.HAL_I2C_MspInit   i2c.o
    0x080047a0   0x080047a0   0x00000010   Code   RO         4195    i.HAL_IncTick       stm32h7xx_hal.o
    0x080047b0   0x080047b0   0x0000005c   Code   RO         4196    i.HAL_Init          stm32h7xx_hal.o
    0x0800480c   0x0800480c   0x0000008c   Code   RO         1441    i.HAL_InitTick      stm32h7xx_hal_timebase_tim.o
    0x08004898   0x08004898   0x00000024   Code   RO         1417    i.HAL_MspInit       stm32h7xx_hal_msp.o
    0x080048bc   0x080048bc   0x0000001a   Code   RO         2556    i.HAL_NVIC_EnableIRQ  stm32h7xx_hal_cortex.o
    0x080048d6   0x080048d6   0x00000002   PAD
    0x080048d8   0x080048d8   0x00000040   Code   RO         2562    i.HAL_NVIC_SetPriority  stm32h7xx_hal_cortex.o
    0x08004918   0x08004918   0x00000024   Code   RO         2563    i.HAL_NVIC_SetPriorityGrouping  stm32h7xx_hal_cortex.o
    0x0800493c   0x0800493c   0x00000054   Code   RO         3917    i.HAL_PWREx_ConfigSupply  stm32h7xx_hal_pwr_ex.o
    0x08004990   0x08004990   0x00000024   Code   RO         2959    i.HAL_RCCEx_GetD3PCLK1Freq  stm32h7xx_hal_rcc_ex.o
    0x080049b4   0x080049b4   0x00000144   Code   RO         2961    i.HAL_RCCEx_GetPLL2ClockFreq  stm32h7xx_hal_rcc_ex.o
    0x08004af8   0x08004af8   0x00000144   Code   RO         2962    i.HAL_RCCEx_GetPLL3ClockFreq  stm32h7xx_hal_rcc_ex.o
    0x08004c3c   0x08004c3c   0x000009ac   Code   RO         2968    i.HAL_RCCEx_PeriphCLKConfig  stm32h7xx_hal_rcc_ex.o
    0x080055e8   0x080055e8   0x0000025c   Code   RO         2844    i.HAL_RCC_ClockConfig  stm32h7xx_hal_rcc.o
    0x08005844   0x08005844   0x0000005c   Code   RO         2848    i.HAL_RCC_GetClockConfig  stm32h7xx_hal_rcc.o
    0x080058a0   0x080058a0   0x00000044   Code   RO         2849    i.HAL_RCC_GetHCLKFreq  stm32h7xx_hal_rcc.o
    0x080058e4   0x080058e4   0x00000024   Code   RO         2851    i.HAL_RCC_GetPCLK1Freq  stm32h7xx_hal_rcc.o
    0x08005908   0x08005908   0x00000024   Code   RO         2852    i.HAL_RCC_GetPCLK2Freq  stm32h7xx_hal_rcc.o
    0x0800592c   0x0800592c   0x00000138   Code   RO         2853    i.HAL_RCC_GetSysClockFreq  stm32h7xx_hal_rcc.o
    0x08005a64   0x08005a64   0x00000094   Code   RO         2854    i.HAL_RCC_MCOConfig  stm32h7xx_hal_rcc.o
    0x08005af8   0x08005af8   0x00000582   Code   RO         2856    i.HAL_RCC_OscConfig  stm32h7xx_hal_rcc.o
    0x0800607a   0x0800607a   0x00000002   Code   RO         5705    i.HAL_SPI_ErrorCallback  stm32h7xx_hal_spi.o
    0x0800607c   0x0800607c   0x00000224   Code   RO         5708    i.HAL_SPI_IRQHandler  stm32h7xx_hal_spi.o
    0x080062a0   0x080062a0   0x0000017c   Code   RO         5709    i.HAL_SPI_Init      stm32h7xx_hal_spi.o
    0x0800641c   0x0800641c   0x00000234   Code   RO         1044    i.HAL_SPI_MspInit   spi.o
    0x08006650   0x08006650   0x00000002   Code   RO         5715    i.HAL_SPI_RxCpltCallback  stm32h7xx_hal_spi.o
    0x08006652   0x08006652   0x00000002   Code   RO         5717    i.HAL_SPI_SuspendCallback  stm32h7xx_hal_spi.o
    0x08006654   0x08006654   0x00000002   Code   RO         5724    i.HAL_SPI_TxCpltCallback  stm32h7xx_hal_spi.o
    0x08006656   0x08006656   0x00000002   Code   RO         5726    i.HAL_SPI_TxRxCpltCallback  stm32h7xx_hal_spi.o
    0x08006658   0x08006658   0x00000002   Code   RO         2257    i.HAL_TIMEx_Break2Callback  stm32h7xx_hal_tim_ex.o
    0x0800665a   0x0800665a   0x00000002   Code   RO         2258    i.HAL_TIMEx_BreakCallback  stm32h7xx_hal_tim_ex.o
    0x0800665c   0x0800665c   0x00000002   Code   RO         2259    i.HAL_TIMEx_CommutCallback  stm32h7xx_hal_tim_ex.o
    0x0800665e   0x0800665e   0x00000002   PAD
    0x08006660   0x08006660   0x000000a0   Code   RO         2261    i.HAL_TIMEx_ConfigBreakDeadTime  stm32h7xx_hal_tim_ex.o
    0x08006700   0x08006700   0x000000a4   Code   RO         2279    i.HAL_TIMEx_MasterConfigSynchronization  stm32h7xx_hal_tim_ex.o
    0x080067a4   0x080067a4   0x00000062   Code   RO         1543    i.HAL_TIM_Base_Init  stm32h7xx_hal_tim.o
    0x08006806   0x08006806   0x00000002   PAD
    0x08006808   0x08006808   0x000000c0   Code   RO         1098    i.HAL_TIM_Base_MspInit  tim.o
    0x080068c8   0x080068c8   0x0000008c   Code   RO         1548    i.HAL_TIM_Base_Start_IT  stm32h7xx_hal_tim.o
    0x08006954   0x08006954   0x000000fc   Code   RO         1552    i.HAL_TIM_ConfigClockSource  stm32h7xx_hal_tim.o
    0x08006a50   0x08006a50   0x00000002   Code   RO         1577    i.HAL_TIM_IC_CaptureCallback  stm32h7xx_hal_tim.o
    0x08006a52   0x08006a52   0x00000148   Code   RO         1591    i.HAL_TIM_IRQHandler  stm32h7xx_hal_tim.o
    0x08006b9a   0x08006b9a   0x00000002   PAD
    0x08006b9c   0x08006b9c   0x00000080   Code   RO         1099    i.HAL_TIM_MspPostInit  tim.o
    0x08006c1c   0x08006c1c   0x00000002   Code   RO         1594    i.HAL_TIM_OC_DelayElapsedCallback  stm32h7xx_hal_tim.o
    0x08006c1e   0x08006c1e   0x00000124   Code   RO         1615    i.HAL_TIM_PWM_ConfigChannel  stm32h7xx_hal_tim.o
    0x08006d42   0x08006d42   0x00000062   Code   RO         1618    i.HAL_TIM_PWM_Init  stm32h7xx_hal_tim.o
    0x08006da4   0x08006da4   0x00000028   Code   RO         1101    i.HAL_TIM_PWM_MspInit  tim.o
    0x08006dcc   0x08006dcc   0x00000002   Code   RO         1621    i.HAL_TIM_PWM_PulseFinishedCallback  stm32h7xx_hal_tim.o
    0x08006dce   0x08006dce   0x00000002   PAD
    0x08006dd0   0x08006dd0   0x00000110   Code   RO         1623    i.HAL_TIM_PWM_Start  stm32h7xx_hal_tim.o
    0x08006ee0   0x08006ee0   0x00000014   Code   RO          474    i.HAL_TIM_PeriodElapsedCallback  main.o
    0x08006ef4   0x08006ef4   0x00000002   Code   RO         1634    i.HAL_TIM_TriggerCallback  stm32h7xx_hal_tim.o
    0x08006ef6   0x08006ef6   0x00000040   Code   RO         6447    i.HAL_UARTEx_DisableFifoMode  stm32h7xx_hal_uart_ex.o
    0x08006f36   0x08006f36   0x0000004a   Code   RO         6453    i.HAL_UARTEx_ReceiveToIdle_DMA  stm32h7xx_hal_uart_ex.o
    0x08006f80   0x08006f80   0x000000fc   Code   RO          475    i.HAL_UARTEx_RxEventCallback  main.o
    0x0800707c   0x0800707c   0x00000002   Code   RO         6455    i.HAL_UARTEx_RxFifoFullCallback  stm32h7xx_hal_uart_ex.o
    0x0800707e   0x0800707e   0x0000004c   Code   RO         6456    i.HAL_UARTEx_SetRxFifoThreshold  stm32h7xx_hal_uart_ex.o
    0x080070ca   0x080070ca   0x0000004c   Code   RO         6457    i.HAL_UARTEx_SetTxFifoThreshold  stm32h7xx_hal_uart_ex.o
    0x08007116   0x08007116   0x00000002   Code   RO         6459    i.HAL_UARTEx_TxFifoEmptyCallback  stm32h7xx_hal_uart_ex.o
    0x08007118   0x08007118   0x00000002   Code   RO         6460    i.HAL_UARTEx_WakeupCallback  stm32h7xx_hal_uart_ex.o
    0x0800711a   0x0800711a   0x00000002   Code   RO         6052    i.HAL_UART_ErrorCallback  stm32h7xx_hal_uart.o
    0x0800711c   0x0800711c   0x0000039c   Code   RO         6055    i.HAL_UART_IRQHandler  stm32h7xx_hal_uart.o
    0x080074b8   0x080074b8   0x0000006a   Code   RO         6056    i.HAL_UART_Init     stm32h7xx_hal_uart.o
    0x08007522   0x08007522   0x00000002   PAD
    0x08007524   0x08007524   0x00000278   Code   RO         1188    i.HAL_UART_MspInit  usart.o
    0x0800779c   0x0800779c   0x00000048   Code   RO         6060    i.HAL_UART_Receive_DMA  stm32h7xx_hal_uart.o
    0x080077e4   0x080077e4   0x00000002   Code   RO         6063    i.HAL_UART_RxCpltCallback  stm32h7xx_hal_uart.o
    0x080077e6   0x080077e6   0x00000002   Code   RO         6064    i.HAL_UART_RxHalfCpltCallback  stm32h7xx_hal_uart.o
    0x080077e8   0x080077e8   0x000000b0   Code   RO         6065    i.HAL_UART_Transmit  stm32h7xx_hal_uart.o
    0x08007898   0x08007898   0x00000002   Code   RO         6068    i.HAL_UART_TxCpltCallback  stm32h7xx_hal_uart.o
    0x0800789a   0x0800789a   0x00000002   Code   RO         1257    i.HardFault_Handler  stm32h7xx_it.o
    0x0800789c   0x0800789c   0x00000022   Code   RO         4540    i.I2C_Flush_TXDR    stm32h7xx_hal_i2c.o
    0x080078be   0x080078be   0x00000002   PAD
    0x080078c0   0x080078c0   0x00000110   Code   RO         4548    i.I2C_IsErrorOccurred  stm32h7xx_hal_i2c.o
    0x080079d0   0x080079d0   0x00000064   Code   RO         4553    i.I2C_RequestMemoryRead  stm32h7xx_hal_i2c.o
    0x08007a34   0x08007a34   0x00000064   Code   RO         4554    i.I2C_RequestMemoryWrite  stm32h7xx_hal_i2c.o
    0x08007a98   0x08007a98   0x00000030   Code   RO         4557    i.I2C_TransferConfig  stm32h7xx_hal_i2c.o
    0x08007ac8   0x08007ac8   0x0000007c   Code   RO         4559    i.I2C_WaitOnFlagUntilTimeout  stm32h7xx_hal_i2c.o
    0x08007b44   0x08007b44   0x00000058   Code   RO         4561    i.I2C_WaitOnSTOPFlagUntilTimeout  stm32h7xx_hal_i2c.o
    0x08007b9c   0x08007b9c   0x0000005c   Code   RO         4562    i.I2C_WaitOnTXISFlagUntilTimeout  stm32h7xx_hal_i2c.o
    0x08007bf8   0x08007bf8   0x00000248   Code   RO          344    i.ICM20948_Calibrate_mag  icm20948_mag.o
    0x08007e40   0x08007e40   0x00000204   Code   RO          345    i.ICM20948_Init_mag  icm20948_mag.o
    0x08008044   0x08008044   0x000004d4   Code   RO          346    i.ICM20948_Process_mag  icm20948_mag.o
    0x08008518   0x08008518   0x000001dc   Code   RO         1480    i.IMU_Kinematics    ukf_fusion.o
    0x080086f4   0x080086f4   0x0000002c   Code   RO          863    i.MX_BDMA_Init      bdma.o
    0x08008720   0x08008720   0x0000003c   Code   RO          889    i.MX_DCMI_Init      dcmi.o
    0x0800875c   0x0800875c   0x0000008c   Code   RO          929    i.MX_DMA_Init       dma.o
    0x080087e8   0x080087e8   0x0000006c   Code   RO          955    i.MX_FDCAN1_Init    fdcan.o
    0x08008854   0x08008854   0x00000130   Code   RO          792    i.MX_GPIO_Init      gpio.o
    0x08008984   0x08008984   0x00000058   Code   RO          997    i.MX_I2C1_Init      i2c.o
    0x080089dc   0x080089dc   0x00000058   Code   RO          998    i.MX_I2C4_Init      i2c.o
    0x08008a34   0x08008a34   0x0000005c   Code   RO         1045    i.MX_SPI1_Init      spi.o
    0x08008a90   0x08008a90   0x0000005c   Code   RO         1046    i.MX_SPI2_Init      spi.o
    0x08008aec   0x08008aec   0x00000060   Code   RO         1047    i.MX_SPI4_Init      spi.o
    0x08008b4c   0x08008b4c   0x00000068   Code   RO         1102    i.MX_TIM12_Init     tim.o
    0x08008bb4   0x08008bb4   0x000000b0   Code   RO         1104    i.MX_TIM1_Init      tim.o
    0x08008c64   0x08008c64   0x000000cc   Code   RO         1105    i.MX_TIM2_Init      tim.o
    0x08008d30   0x08008d30   0x00000068   Code   RO         1106    i.MX_TIM3_Init      tim.o
    0x08008d98   0x08008d98   0x00000048   Code   RO         1107    i.MX_TIM6_Init      tim.o
    0x08008de0   0x08008de0   0x00000078   Code   RO         1189    i.MX_UART4_Init     usart.o
    0x08008e58   0x08008e58   0x00000068   Code   RO         1190    i.MX_USART2_UART_Init  usart.o
    0x08008ec0   0x08008ec0   0x00000068   Code   RO         1191    i.MX_USART3_UART_Init  usart.o
    0x08008f28   0x08008f28   0x00000002   Code   RO         1258    i.MemManage_Handler  stm32h7xx_it.o
    0x08008f2a   0x08008f2a   0x00000002   Code   RO         1259    i.NMI_Handler       stm32h7xx_it.o
    0x08008f2c   0x08008f2c   0x000000a4   Code   RO         1481    i.Observation_Model  ukf_fusion.o
    0x08008fd0   0x08008fd0   0x000002c4   Code   RO          476    i.Position_Task     main.o
    0x08009294   0x08009294   0x00000120   Code   RO         2971    i.RCCEx_PLL2_Config  stm32h7xx_hal_rcc_ex.o
    0x080093b4   0x080093b4   0x00000120   Code   RO         2972    i.RCCEx_PLL3_Config  stm32h7xx_hal_rcc_ex.o
    0x080094d4   0x080094d4   0x0000000c   Code   RO         1260    i.SPI1_IRQHandler   stm32h7xx_it.o
    0x080094e0   0x080094e0   0x0000000c   Code   RO         1261    i.SPI2_IRQHandler   stm32h7xx_it.o
    0x080094ec   0x080094ec   0x000000bc   Code   RO         5729    i.SPI_CloseTransfer  stm32h7xx_hal_spi.o
    0x080095a8   0x080095a8   0x0000001a   Code   RO         5730    i.SPI_DMAAbortOnError  stm32h7xx_hal_spi.o
    0x080095c2   0x080095c2   0x00000002   PAD
    0x080095c4   0x080095c4   0x00000034   Code   RO          347    i.SelectBank        icm20948_mag.o
    0x080095f8   0x080095f8   0x000000e0   Code   RO          477    i.SendPose          main.o
    0x080096d8   0x080096d8   0x0000031c   Code   RO          478    i.StartFlightControlTask  main.o
    0x080099f4   0x080099f4   0x000002b4   Code   RO          481    i.StartPoseTask     main.o
    0x08009ca8   0x08009ca8   0x00000024   Code   RO          482    i.StartPoseTask_init  main.o
    0x08009ccc   0x08009ccc   0x00000024   Code   RO          483    i.StartPositionTask_init  main.o
    0x08009cf0   0x08009cf0   0x000000ec   Code   RO          484    i.StartUKFPredictTask  main.o
    0x08009ddc   0x08009ddc   0x0000001a   Code   RO         7718    i.SysTick_Handler   cmsis_os2.o
    0x08009df6   0x08009df6   0x00000002   PAD
    0x08009df8   0x08009df8   0x000000ac   Code   RO          488    i.SystemClock_Config  main.o
    0x08009ea4   0x08009ea4   0x000000f8   Code   RO         6567    i.SystemInit        system_stm32h7xx.o
    0x08009f9c   0x08009f9c   0x0000000c   Code   RO         1262    i.TIM16_IRQHandler  stm32h7xx_it.o
    0x08009fa8   0x08009fa8   0x0000000c   Code   RO         1263    i.TIM3_IRQHandler   stm32h7xx_it.o
    0x08009fb4   0x08009fb4   0x0000000c   Code   RO         1264    i.TIM7_IRQHandler   stm32h7xx_it.o
    0x08009fc0   0x08009fc0   0x0000000c   Code   RO         1265    i.TIM8_BRK_TIM12_IRQHandler  stm32h7xx_it.o
    0x08009fcc   0x08009fcc   0x000000cc   Code   RO         1636    i.TIM_Base_SetConfig  stm32h7xx_hal_tim.o
    0x0800a098   0x0800a098   0x0000001a   Code   RO         1637    i.TIM_CCxChannelCmd  stm32h7xx_hal_tim.o
    0x0800a0b2   0x0800a0b2   0x00000012   Code   RO         1647    i.TIM_ETR_SetConfig  stm32h7xx_hal_tim.o
    0x0800a0c4   0x0800a0c4   0x00000014   Code   RO         1648    i.TIM_ITRx_SetConfig  stm32h7xx_hal_tim.o
    0x0800a0d8   0x0800a0d8   0x000000a4   Code   RO         1649    i.TIM_OC1_SetConfig  stm32h7xx_hal_tim.o
    0x0800a17c   0x0800a17c   0x00000098   Code   RO         1650    i.TIM_OC2_SetConfig  stm32h7xx_hal_tim.o
    0x0800a214   0x0800a214   0x00000098   Code   RO         1651    i.TIM_OC3_SetConfig  stm32h7xx_hal_tim.o
    0x0800a2ac   0x0800a2ac   0x00000078   Code   RO         1652    i.TIM_OC4_SetConfig  stm32h7xx_hal_tim.o
    0x0800a324   0x0800a324   0x00000074   Code   RO         1653    i.TIM_OC5_SetConfig  stm32h7xx_hal_tim.o
    0x0800a398   0x0800a398   0x00000074   Code   RO         1654    i.TIM_OC6_SetConfig  stm32h7xx_hal_tim.o
    0x0800a40c   0x0800a40c   0x00000022   Code   RO         1656    i.TIM_TI1_ConfigInputStage  stm32h7xx_hal_tim.o
    0x0800a42e   0x0800a42e   0x00000024   Code   RO         1658    i.TIM_TI2_ConfigInputStage  stm32h7xx_hal_tim.o
    0x0800a452   0x0800a452   0x00000002   PAD
    0x0800a454   0x0800a454   0x0000000c   Code   RO         1266    i.UART4_IRQHandler  stm32h7xx_it.o
    0x0800a460   0x0800a460   0x00000044   Code   RO         6461    i.UARTEx_SetNbDataToProcess  stm32h7xx_hal_uart_ex.o
    0x0800a4a4   0x0800a4a4   0x000000c8   Code   RO         6070    i.UART_AdvFeatureConfig  stm32h7xx_hal_uart.o
    0x0800a56c   0x0800a56c   0x000000aa   Code   RO         6071    i.UART_CheckIdleState  stm32h7xx_hal_uart.o
    0x0800a616   0x0800a616   0x00000010   Code   RO         6072    i.UART_DMAAbortOnError  stm32h7xx_hal_uart.o
    0x0800a626   0x0800a626   0x0000004e   Code   RO         6073    i.UART_DMAError     stm32h7xx_hal_uart.o
    0x0800a674   0x0800a674   0x00000082   Code   RO         6074    i.UART_DMAReceiveCplt  stm32h7xx_hal_uart.o
    0x0800a6f6   0x0800a6f6   0x00000020   Code   RO         6076    i.UART_DMARxHalfCplt  stm32h7xx_hal_uart.o
    0x0800a716   0x0800a716   0x00000002   PAD
    0x0800a718   0x0800a718   0x00000054   Code   RO         6082    i.UART_EndRxTransfer  stm32h7xx_hal_uart.o
    0x0800a76c   0x0800a76c   0x0000002e   Code   RO         6083    i.UART_EndTxTransfer  stm32h7xx_hal_uart.o
    0x0800a79a   0x0800a79a   0x00000002   PAD
    0x0800a79c   0x0800a79c   0x000003ac   Code   RO         6088    i.UART_SetConfig    stm32h7xx_hal_uart.o
    0x0800ab48   0x0800ab48   0x000000a8   Code   RO         6089    i.UART_Start_Receive_DMA  stm32h7xx_hal_uart.o
    0x0800abf0   0x0800abf0   0x00000094   Code   RO         6095    i.UART_WaitOnFlagUntilTimeout  stm32h7xx_hal_uart.o
    0x0800ac84   0x0800ac84   0x0000002c   Code   RO          489    i.UKFPredict_InitTask  main.o
    0x0800acb0   0x0800acb0   0x00000124   Code   RO         1482    i.UKF_Init          ukf_fusion.o
    0x0800add4   0x0800add4   0x00000318   Code   RO         1483    i.UKF_Predict       ukf_fusion.o
    0x0800b0ec   0x0800b0ec   0x00000350   Code   RO         1484    i.UKF_Update        ukf_fusion.o
    0x0800b43c   0x0800b43c   0x0000000c   Code   RO         1267    i.USART2_IRQHandler  stm32h7xx_it.o
    0x0800b448   0x0800b448   0x0000000c   Code   RO         1268    i.USART3_IRQHandler  stm32h7xx_it.o
    0x0800b454   0x0800b454   0x00000002   Code   RO         1269    i.UsageFault_Handler  stm32h7xx_it.o
    0x0800b456   0x0800b456   0x00000026   Code   RO         8671    i.__ARM_fpclassifyf  m_wv.l(fpclassifyf.o)
    0x0800b47c   0x0800b47c   0x00000022   Code   RO         2569    i.__NVIC_SetPriority  stm32h7xx_hal_cortex.o
    0x0800b49e   0x0800b49e   0x00000002   PAD
    0x0800b4a0   0x0800b4a0   0x00000258   Code   RO         8481    i.__hardfp_atan2f   m_wv.l(atan2f.o)
    0x0800b6f8   0x0800b6f8   0x00000170   Code   RO         8493    i.__hardfp_atanf    m_wv.l(atanf.o)
    0x0800b868   0x0800b868   0x00000150   Code   RO         8505    i.__hardfp_cosf     m_wv.l(cosf.o)
    0x0800b9b8   0x0800b9b8   0x000001f4   Code   RO         8657    i.__hardfp_expf     m_wv.l(expf.o)
    0x0800bbac   0x0800bbac   0x00000048   Code   RO         8579    i.__hardfp_fmaxf    m_wv.l(fmaxf.o)
    0x0800bbf4   0x0800bbf4   0x00000048   Code   RO         8583    i.__hardfp_fminf    m_wv.l(fminf.o)
    0x0800bc3c   0x0800bc3c   0x000000b0   Code   RO         8517    i.__hardfp_fmodf    m_wv.l(fmodf.o)
    0x0800bcec   0x0800bcec   0x00000658   Code   RO         8529    i.__hardfp_powf     m_wv.l(powf.o)
    0x0800c344   0x0800c344   0x00000194   Code   RO         8543    i.__hardfp_sinf     m_wv.l(sinf.o)
    0x0800c4d8   0x0800c4d8   0x0000003a   Code   RO         8555    i.__hardfp_sqrtf    m_wv.l(sqrtf.o)
    0x0800c512   0x0800c512   0x00000002   PAD
    0x0800c514   0x0800c514   0x000000ec   Code   RO         8567    i.__hardfp_tanhf    m_wv.l(tanhf.o)
    0x0800c600   0x0800c600   0x00000018   Code   RO         8673    i.__mathlib_flt_divzero  m_wv.l(funder.o)
    0x0800c618   0x0800c618   0x00000006   Code   RO         8674    i.__mathlib_flt_infnan  m_wv.l(funder.o)
    0x0800c61e   0x0800c61e   0x00000006   Code   RO         8675    i.__mathlib_flt_infnan2  m_wv.l(funder.o)
    0x0800c624   0x0800c624   0x00000010   Code   RO         8676    i.__mathlib_flt_invalid  m_wv.l(funder.o)
    0x0800c634   0x0800c634   0x00000010   Code   RO         8677    i.__mathlib_flt_overflow  m_wv.l(funder.o)
    0x0800c644   0x0800c644   0x00000010   Code   RO         8679    i.__mathlib_flt_underflow  m_wv.l(funder.o)
    0x0800c654   0x0800c654   0x00000154   Code   RO         8687    i.__mathlib_rredf2  m_wv.l(rredf.o)
    0x0800c7a8   0x0800c7a8   0x000000c8   Code   RO          491    i.calculate_position_xy_plane  main.o
    0x0800c870   0x0800c870   0x00000020   Code   RO          247    i.clamp             aismc_control.o
    0x0800c890   0x0800c890   0x0000002a   Code   RO          492    i.compareFloat      main.o
    0x0800c8ba   0x0800c8ba   0x00000002   PAD
    0x0800c8bc   0x0800c8bc   0x000000d8   Code   RO         1485    i.custom_cholesky_f32  ukf_fusion.o
    0x0800c994   0x0800c994   0x000000ac   Code   RO          493    i.decode_sbus       main.o
    0x0800ca40   0x0800ca40   0x00000184   Code   RO          496    i.main              main.o
    0x0800cbc4   0x0800cbc4   0x0000001a   Code   RO          248    i.mapf              aismc_control.o
    0x0800cbde   0x0800cbde   0x0000001c   Code   RO         7720    i.osDelay           cmsis_os2.o
    0x0800cbfa   0x0800cbfa   0x00000002   PAD
    0x0800cbfc   0x0800cbfc   0x00000024   Code   RO         7734    i.osKernelInitialize  cmsis_os2.o
    0x0800cc20   0x0800cc20   0x00000038   Code   RO         7737    i.osKernelStart     cmsis_os2.o
    0x0800cc58   0x0800cc58   0x00000052   Code   RO         7757    i.osMutexAcquire    cmsis_os2.o
    0x0800ccaa   0x0800ccaa   0x00000068   Code   RO         7760    i.osMutexNew        cmsis_os2.o
    0x0800cd12   0x0800cd12   0x00000042   Code   RO         7761    i.osMutexRelease    cmsis_os2.o
    0x0800cd54   0x0800cd54   0x00000090   Code   RO         7779    i.osThreadNew       cmsis_os2.o
    0x0800cde4   0x0800cde4   0x00000114   Code   RO          497    i.parseData         main.o
    0x0800cef8   0x0800cef8   0x0000005c   Code   RO         7179    i.prvAddCurrentTaskToDelayedList  tasks.o
    0x0800cf54   0x0800cf54   0x000000d0   Code   RO         7180    i.prvAddNewTaskToReadyList  tasks.o
    0x0800d024   0x0800d024   0x00000058   Code   RO         7544    i.prvCheckForValidListAndQueue  timers.o
    0x0800d07c   0x0800d07c   0x00000026   Code   RO         6776    i.prvCopyDataFromQueue  queue.o
    0x0800d0a2   0x0800d0a2   0x0000006c   Code   RO         6777    i.prvCopyDataToQueue  queue.o
    0x0800d10e   0x0800d10e   0x00000034   Code   RO         7181    i.prvDeleteTCB      tasks.o
    0x0800d142   0x0800d142   0x00000002   PAD
    0x0800d144   0x0800d144   0x00000050   Code   RO         8231    i.prvHeapInit       heap_4.o
    0x0800d194   0x0800d194   0x00000060   Code   RO         7182    i.prvIdleTask       tasks.o
    0x0800d1f4   0x0800d1f4   0x00000016   Code   RO         6778    i.prvInitialiseMutex  queue.o
    0x0800d20a   0x0800d20a   0x00000002   PAD
    0x0800d20c   0x0800d20c   0x00000022   Code   RO         6779    i.prvInitialiseNewQueue  queue.o
    0x0800d22e   0x0800d22e   0x000000b0   Code   RO         7183    i.prvInitialiseNewTask  tasks.o
    0x0800d2de   0x0800d2de   0x00000002   PAD
    0x0800d2e0   0x0800d2e0   0x0000004c   Code   RO         8232    i.prvInsertBlockIntoFreeList  heap_4.o
    0x0800d32c   0x0800d32c   0x0000003c   Code   RO         7546    i.prvInsertTimerInActiveList  timers.o
    0x0800d368   0x0800d368   0x0000001c   Code   RO         6780    i.prvIsQueueEmpty   queue.o
    0x0800d384   0x0800d384   0x000000f8   Code   RO         7547    i.prvProcessReceivedCommands  timers.o
    0x0800d47c   0x0800d47c   0x000000c0   Code   RO         7548    i.prvProcessTimerOrBlockTask  timers.o
    0x0800d53c   0x0800d53c   0x00000020   Code   RO         7185    i.prvResetNextTaskUnblockTime  tasks.o
    0x0800d55c   0x0800d55c   0x00000028   Code   RO         7549    i.prvSampleTimeNow  timers.o
    0x0800d584   0x0800d584   0x0000006c   Code   RO         7550    i.prvSwitchTimerLists  timers.o
    0x0800d5f0   0x0800d5f0   0x00000028   Code   RO         8287    i.prvTaskExitError  port.o
    0x0800d618   0x0800d618   0x00000024   Code   RO         7551    i.prvTimerTask      timers.o
    0x0800d63c   0x0800d63c   0x0000006a   Code   RO         6781    i.prvUnlockQueue    queue.o
    0x0800d6a6   0x0800d6a6   0x00000002   PAD
    0x0800d6a8   0x0800d6a8   0x000000dc   Code   RO         8233    i.pvPortMalloc      heap_4.o
    0x0800d784   0x0800d784   0x00000018   Code   RO         7188    i.pvTaskIncrementMutexHeldCount  tasks.o
    0x0800d79c   0x0800d79c   0x00000030   Code   RO         8288    i.pxPortInitialiseStack  port.o
    0x0800d7cc   0x0800d7cc   0x00000026   Code   RO         6736    i.uxListRemove      list.o
    0x0800d7f2   0x0800d7f2   0x00000002   PAD
    0x0800d7f4   0x0800d7f4   0x00000018   Code   RO         7791    i.vApplicationGetIdleTaskMemory  cmsis_os2.o
    0x0800d80c   0x0800d80c   0x00000018   Code   RO         7792    i.vApplicationGetTimerTaskMemory  cmsis_os2.o
    0x0800d824   0x0800d824   0x00000016   Code   RO         6737    i.vListInitialise   list.o
    0x0800d83a   0x0800d83a   0x00000006   Code   RO         6738    i.vListInitialiseItem  list.o
    0x0800d840   0x0800d840   0x00000030   Code   RO         6739    i.vListInsert       list.o
    0x0800d870   0x0800d870   0x00000018   Code   RO         6740    i.vListInsertEnd    list.o
    0x0800d888   0x0800d888   0x00000040   Code   RO         8290    i.vPortEnterCritical  port.o
    0x0800d8c8   0x0800d8c8   0x00000028   Code   RO         8291    i.vPortExitCritical  port.o
    0x0800d8f0   0x0800d8f0   0x00000064   Code   RO         8234    i.vPortFree         heap_4.o
    0x0800d954   0x0800d954   0x00000024   Code   RO         8292    i.vPortSetupTimerInterrupt  port.o
    0x0800d978   0x0800d978   0x00000054   Code   RO         8293    i.vPortValidateInterruptPriority  port.o
    0x0800d9cc   0x0800d9cc   0x00000028   Code   RO         6787    i.vQueueAddToRegistry  queue.o
    0x0800d9f4   0x0800d9f4   0x00000044   Code   RO         6791    i.vQueueWaitForMessageRestricted  queue.o
    0x0800da38   0x0800da38   0x0000004c   Code   RO         7198    i.vTaskDelay        tasks.o
    0x0800da84   0x0800da84   0x0000008c   Code   RO         7199    i.vTaskDelayUntil   tasks.o
    0x0800db10   0x0800db10   0x00000010   Code   RO         7203    i.vTaskInternalSetTimeOutState  tasks.o
    0x0800db20   0x0800db20   0x0000000c   Code   RO         7204    i.vTaskMissedYield  tasks.o
    0x0800db2c   0x0800db2c   0x00000030   Code   RO         7206    i.vTaskPlaceOnEventList  tasks.o
    0x0800db5c   0x0800db5c   0x00000038   Code   RO         7207    i.vTaskPlaceOnEventListRestricted  tasks.o
    0x0800db94   0x0800db94   0x00000090   Code   RO         7209    i.vTaskPriorityDisinheritAfterTimeout  tasks.o
    0x0800dc24   0x0800dc24   0x00000088   Code   RO         7215    i.vTaskStartScheduler  tasks.o
    0x0800dcac   0x0800dcac   0x00000010   Code   RO         7217    i.vTaskSuspendAll   tasks.o
    0x0800dcbc   0x0800dcbc   0x00000064   Code   RO         7218    i.vTaskSwitchContext  tasks.o
    0x0800dd20   0x0800dd20   0x000000f4   Code   RO         8294    i.xPortStartScheduler  port.o
    0x0800de14   0x0800de14   0x0000002c   Code   RO         8295    i.xPortSysTickHandler  port.o
    0x0800de40   0x0800de40   0x00000016   Code   RO         6794    i.xQueueCreateMutex  queue.o
    0x0800de56   0x0800de56   0x0000001a   Code   RO         6795    i.xQueueCreateMutexStatic  queue.o
    0x0800de70   0x0800de70   0x00000042   Code   RO         6796    i.xQueueGenericCreate  queue.o
    0x0800deb2   0x0800deb2   0x00000066   Code   RO         6797    i.xQueueGenericCreateStatic  queue.o
    0x0800df18   0x0800df18   0x00000094   Code   RO         6798    i.xQueueGenericReset  queue.o
    0x0800dfac   0x0800dfac   0x00000160   Code   RO         6799    i.xQueueGenericSend  queue.o
    0x0800e10c   0x0800e10c   0x000000be   Code   RO         6800    i.xQueueGenericSendFromISR  queue.o
    0x0800e1ca   0x0800e1ca   0x0000003e   Code   RO         6804    i.xQueueGiveMutexRecursive  queue.o
    0x0800e208   0x0800e208   0x0000013c   Code   RO         6809    i.xQueueReceive     queue.o
    0x0800e344   0x0800e344   0x0000017c   Code   RO         6811    i.xQueueSemaphoreTake  queue.o
    0x0800e4c0   0x0800e4c0   0x0000003c   Code   RO         6812    i.xQueueTakeMutexRecursive  queue.o
    0x0800e4fc   0x0800e4fc   0x00000078   Code   RO         7220    i.xTaskCheckForTimeOut  tasks.o
    0x0800e574   0x0800e574   0x0000005a   Code   RO         7221    i.xTaskCreate       tasks.o
    0x0800e5ce   0x0800e5ce   0x00000056   Code   RO         7222    i.xTaskCreateStatic  tasks.o
    0x0800e624   0x0800e624   0x0000000c   Code   RO         7225    i.xTaskGetCurrentTaskHandle  tasks.o
    0x0800e630   0x0800e630   0x0000001c   Code   RO         7226    i.xTaskGetSchedulerState  tasks.o
    0x0800e64c   0x0800e64c   0x0000000c   Code   RO         7227    i.xTaskGetTickCount  tasks.o
    0x0800e658   0x0800e658   0x000000c8   Code   RO         7229    i.xTaskIncrementTick  tasks.o
    0x0800e720   0x0800e720   0x0000007c   Code   RO         7232    i.xTaskPriorityDisinherit  tasks.o
    0x0800e79c   0x0800e79c   0x0000007c   Code   RO         7233    i.xTaskPriorityInherit  tasks.o
    0x0800e818   0x0800e818   0x00000070   Code   RO         7234    i.xTaskRemoveFromEventList  tasks.o
    0x0800e888   0x0800e888   0x000000c4   Code   RO         7235    i.xTaskResumeAll    tasks.o
    0x0800e94c   0x0800e94c   0x00000060   Code   RO         7560    i.xTimerCreateTimerTask  timers.o
    0x0800e9ac   0x0800e9ac   0x00000068   Code   RO         7561    i.xTimerGenericCommand  timers.o
    0x0800ea14   0x0800ea14   0x00000052   Code   RO         8648    x$fpl$fcmp4         fz_wv.l(fcmp4.o)
    0x0800ea66   0x0800ea66   0x00000018   Code   RO         8753    x$fpl$fcmpinf       fz_wv.l(fcmpi.o)
    0x0800ea7e   0x0800ea7e   0x0000008c   Code   RO         8755    x$fpl$fnaninf       fz_wv.l(fnaninf.o)
    0x0800eb0a   0x0800eb0a   0x0000000a   Code   RO         8757    x$fpl$fpinit        fz_wv.l(fpinit.o)
    0x0800eb14   0x0800eb14   0x000000f4   Code   RO         8652    x$fpl$frem          fz_wv.l(frem_clz.o)
    0x0800ec08   0x0800ec08   0x00000000   Code   RO         8656    x$fpl$usenofp       fz_wv.l(usenofp.o)
    0x0800ec08   0x0800ec08   0x0000003c   Data   RO          249    .constdata          aismc_control.o
    0x0800ec44   0x0800ec44   0x00000054   Data   RO          306    .constdata          aismc_outer.o
    0x0800ec98   0x0800ec98   0x0000010c   Data   RO          503    .constdata          main.o
    0x0800eda4   0x0800eda4   0x00000008   Data   RO         3480    .constdata          stm32h7xx_hal_dma.o
    0x0800edac   0x0800edac   0x0000005c   Data   RO         5180    .constdata          stm32h7xx_hal_fdcan.o
    0x0800ee08   0x0800ee08   0x00000018   Data   RO         6096    .constdata          stm32h7xx_hal_uart.o
    0x0800ee20   0x0800ee20   0x00000010   Data   RO         6462    .constdata          stm32h7xx_hal_uart_ex.o
    0x0800ee30   0x0800ee30   0x00000010   Data   RO         6568    .constdata          system_stm32h7xx.o
    0x0800ee40   0x0800ee40   0x00000140   Data   RO         8532    .constdata          m_wv.l(powf.o)
    0x0800ef80   0x0800ef80   0x00000030   Data   RO         8660    .constdata          m_wv.l(expf.o)
    0x0800efb0   0x0800efb0   0x00000020   Data   RO         8688    .constdata          m_wv.l(rredf.o)
    0x0800efd0   0x0800efd0   0x00000072   Data   RO          504    .conststring        main.o
    0x0800f042   0x0800f042   0x00000002   PAD
    0x0800f044   0x0800f044   0x00000020   Data   RO         8855    Region$$Table       anon$$obj.o


    Execution Region RW_IRAM1 (Exec base: 0x20000000, Load base: 0x0800f064, Size: 0x00000000, Max: 0x00020000, ABSOLUTE)

    **** No section assigned to this execution region ****


    Execution Region RW_IRAM2 (Exec base: 0x24000000, Load base: 0x0800f064, Size: 0x000099d8, Max: 0x00080000, ABSOLUTE, COMPRESSED[0x00000060])

    Exec Addr    Load Addr    Size         Type   Attr      Idx    E Section Name        Object

    0x24000000   COMPRESSED   0x00000080   Data   RW          498    .RAM_D3             main.o
    0x24000080   COMPRESSED   0x0000003c   Data   RW          196    .data               icm20948.o
    0x240000bc   COMPRESSED   0x0000006c   Data   RW          349    .data               icm20948_mag.o
    0x24000128   COMPRESSED   0x00000010   Data   RW          404    .data               bmp388.o
    0x24000138   COMPRESSED   0x000000b8   Data   RW          505    .data               main.o
    0x240001f0   COMPRESSED   0x00000018   Data   RW         1486    .data               ukf_fusion.o
    0x24000208   COMPRESSED   0x0000000c   Data   RW         4218    .data               stm32h7xx_hal.o
    0x24000214   COMPRESSED   0x00000008   Data   RW         6569    .data               system_stm32h7xx.o
    0x2400021c   COMPRESSED   0x0000003c   Data   RW         7238    .data               tasks.o
    0x24000258   COMPRESSED   0x00000014   Data   RW         7569    .data               timers.o
    0x2400026c   COMPRESSED   0x00000004   Data   RW         7794    .data               cmsis_os2.o
    0x24000270   COMPRESSED   0x00000020   Data   RW         8240    .data               heap_4.o
    0x24000290   COMPRESSED   0x0000000c   Data   RW         8296    .data               port.o
    0x2400029c   COMPRESSED   0x00001730   Data   RW         1487    .dtcmram            ukf_fusion.o
    0x240019cc        -       0x0000003c   Zero   RW          402    .bss                bmp388.o
    0x24001a08        -       0x000025d8   Zero   RW          500    .bss                main.o
    0x24003fe0        -       0x000000c8   Zero   RW          890    .bss                dcmi.o
    0x240040a8        -       0x000000a0   Zero   RW          956    .bss                fdcan.o
    0x24004148        -       0x00000120   Zero   RW          999    .bss                i2c.o
    0x24004268        -       0x00000288   Zero   RW         1048    .bss                spi.o
    0x240044f0        -       0x000001c8   Zero   RW         1108    .bss                tim.o
    0x240046b8        -       0x0000039c   Zero   RW         1192    .bss                usart.o
    0x24004a54        -       0x0000004c   Zero   RW         1444    .bss                stm32h7xx_hal_timebase_tim.o
    0x24004aa0        -       0x00000040   Zero   RW         6813    .bss                queue.o
    0x24004ae0        -       0x000004c4   Zero   RW         7237    .bss                tasks.o
    0x24004fa4        -       0x00000118   Zero   RW         7568    .bss                timers.o
    0x240050bc        -       0x000006b8   Zero   RW         7793    .bss                cmsis_os2.o
    0x24005774        -       0x00003c00   Zero   RW         8239    .bss                heap_4.o
    0x24009374        -       0x00000060   Zero   RW         8762    .bss                c_w.l(libspace.o)
    0x240093d4   COMPRESSED   0x00000004   PAD
    0x240093d8        -       0x00000200   Zero   RW            2    HEAP                startup_stm32h750xx.o
    0x240095d8        -       0x00000400   Zero   RW            1    STACK               startup_stm32h750xx.o


==============================================================================

Image component sizes


      Code (inc. data)   RO Data    RW Data    ZI Data      Debug   Object Name

       898         66         60          0          0       6248   aismc_control.o
       876         58         84          0          0       4200   aismc_outer.o
        44          4          0          0          0        863   bdma.o
         0          0          0          0          0    1364592   bmp280.o
      1532        112          0         16         60       8337   bmp388.o
       590         22          0          4       1720      73894   cmsis_os2.o
       352         42          0          0        200       1956   dcmi.o
       140          4          0          0          0        910   dma.o
         0          0          0          0          0      19364   event_groups.o
       264         24          0          0        160       1867   fdcan.o
       304         20          0          0          0       1155   gpio.o
       476         24          0         32      15360       4943   heap_4.o
       468         52          0          0        288       2663   i2c.o
         0          0          0         60          0       6739   icm20948.o
      2388        170          0        108          0       6731   icm20948_mag.o
       138          0          0          0          0       3630   list.o
      4430        422        382        312       9688      82041   main.o
       790         84          0         12          0      11549   port.o
      2168         26          0          0         64      24040   queue.o
       844         68          0          0        648       3601   spi.o
        72         30        664          0       1536        840   startup_stm32h750xx.o
       168         36          0         12          0      22733   stm32h7xx_hal.o
       160         12          0          0          0      38782   stm32h7xx_hal_cortex.o
       352          8          0          0          0       4876   stm32h7xx_hal_dcmi.o
      5988        246          8          0          0      11866   stm32h7xx_hal_dma.o
      1870         30         92          0          0      16216   stm32h7xx_hal_fdcan.o
       566         50          0          0          0       2308   stm32h7xx_hal_gpio.o
      1750         40          0          0          0      12402   stm32h7xx_hal_i2c.o
       172          0          0          0          0       2067   stm32h7xx_hal_i2c_ex.o
        36          4          0          0          0        910   stm32h7xx_hal_msp.o
        84          6          0          0          0        781   stm32h7xx_hal_pwr_ex.o
      2706        128          0          0          0       8753   stm32h7xx_hal_rcc.o
      3736        118          0          0          0       7853   stm32h7xx_hal_rcc_ex.o
      1152         18          0          0          0       7203   stm32h7xx_hal_spi.o
      2646        276          0          0          0      18208   stm32h7xx_hal_tim.o
       330         40          0          0          0       4124   stm32h7xx_hal_tim_ex.o
       140         20          0          0         76       1563   stm32h7xx_hal_timebase_tim.o
      3298        156         24          0          0      36027   stm32h7xx_hal_uart.o
       364          6         16          0          0       6361   stm32h7xx_hal_uart_ex.o
       240        114          0          0          0      11362   stm32h7xx_it.o
         0          0          0          0          0        392   stream_buffer.o
       276         48         16          8          0       1957   system_stm32h7xx.o
      2528        200          0         60       1220      31131   tasks.o
      1020         90          0          0        456       5975   tim.o
       972         84          0         20        280      32095   timers.o
      2788        120          0       5960          0      10162   ukf_fusion.o
       960         74          0          0        924       3889   usart.o

    ----------------------------------------------------------------------
     51130       3152       1380       6604      32680    1930159   Object Totals
         0          0         32          0          0          0   (incl. Generated)
        54          0          2          0          0          0   (incl. Padding)

    ----------------------------------------------------------------------

      Code (inc. data)   RO Data    RW Data    ZI Data      Debug   Library Member Name

       190          0          0          0          0       1836   arm_mat_add_f32.o
         8          0          0          0          0        841   arm_mat_init_f32.o
       716          4          0          0          0       3547   arm_mat_inverse_f32.o
       304          4          0          0          0       2362   arm_mat_mult_f32.o
       190          0          0          0          0       1834   arm_mat_sub_f32.o
       180          0          0          0          0       1862   arm_mat_trans_f32.o
        90          0          0          0          0          0   __dczerorl2.o
         8          0          0          0          0         68   __main.o
         0          0          0          0          0          0   __rtentry.o
        12          0          0          0          0          0   __rtentry2.o
         6          0          0          0          0          0   __rtentry4.o
        52          8          0          0          0          0   __scatter.o
        28          0          0          0          0          0   __scatter_zi.o
        22          0          0          0          0        100   _rserrno.o
        16          0          0          0          0         68   aeabi_memset.o
        18          0          0          0          0         80   exit.o
         6          0          0          0          0        152   heapauxi.o
         0          0          0          0          0          0   indicate_semi.o
         2          0          0          0          0          0   libinit.o
         6          0          0          0          0          0   libinit2.o
         2          0          0          0          0          0   libshutdown.o
         2          0          0          0          0          0   libshutdown2.o
         8          4          0          0         96         68   libspace.o
       238          0          0          0          0        100   lludivv7m.o
       612          0          0          0          0        136   qsortnoex.o
         8          4          0          0          0         68   rt_errno_addr_intlibspace.o
        68          0          0          0          0         68   rt_memclr.o
        78          0          0          0          0         80   rt_memclr_w.o
       138          0          0          0          0         68   rt_memcpy_v6.o
       100          0          0          0          0         80   rt_memcpy_w.o
         2          0          0          0          0          0   rtexit.o
        10          0          0          0          0          0   rtexit2.o
        12          4          0          0          0         68   sys_exit.o
        74          0          0          0          0         80   sys_stackheap_outer.o
         2          0          0          0          0         68   use_no_semi.o
        82          4          0          0          0        160   fcmp4.o
        24          0          0          0          0        116   fcmpi.o
       140          4          0          0          0        132   fnaninf.o
        10          0          0          0          0        116   fpinit.o
       244          8          0          0          0        132   frem_clz.o
         0          0          0          0          0          0   usenofp.o
       600         98          0          0          0        184   atan2f.o
       368         72          0          0          0        172   atanf.o
       336         60          0          0          0        136   cosf.o
       500         74         48          0          0        236   expf.o
        72          0          0          0          0        148   fmaxf.o
        72          0          0          0          0        148   fminf.o
       176          0          0          0          0        168   fmodf.o
        38          0          0          0          0        116   fpclassifyf.o
        84         28          0          0          0        696   funder.o
      1624        130        320          0          0        400   powf.o
       340         24         32          0          0        160   rredf.o
       404         60          0          0          0        212   sinf.o
        58          0          0          0          0        136   sqrtf.o
       236         28          0          0          0        152   tanhf.o

    ----------------------------------------------------------------------
      8630        618        400          0        100      17354   Library Totals
        14          0          0          0          4          0   (incl. Padding)

    ----------------------------------------------------------------------

      Code (inc. data)   RO Data    RW Data    ZI Data      Debug   Library Name

      1588          8          0          0          0      12282   arm_cortexM7lfdp_math.lib
      1620         20          0          0         96       1352   c_w.l
       500         16          0          0          0        656   fz_wv.l
      4908        574        400          0          0       3064   m_wv.l

    ----------------------------------------------------------------------
      8630        618        400          0        100      17354   Library Totals

    ----------------------------------------------------------------------

==============================================================================


      Code (inc. data)   RO Data    RW Data    ZI Data      Debug   

     59760       3770       1780       6604      32780    1913409   Grand Totals
     59760       3770       1780         96      32780    1913409   ELF Image Totals (compressed)
     59760       3770       1780         96          0          0   ROM Totals

==============================================================================

    Total RO  Size (Code + RO Data)                61540 (  60.10kB)
    Total RW  Size (RW Data + ZI Data)             39384 (  38.46kB)
    Total ROM Size (Code + RO Data + RW Data)      61636 (  60.19kB)

==============================================================================

